03-21 14:29:11.174   779   876 W PackageManager: Unknown permission android.permission.FACTORY in package com.lge.SprintHiddenMenu
03-21 14:29:11.174   779   876 W PackageManager: Unknown permission com.lge.permission.LGHIDDEN in package com.lge.SprintHiddenMenu
03-21 14:29:11.174   779   876 W PackageManager: Unknown permission android.permission.MMS_PUSH in package com.lge.SprintHiddenMenu
03-21 14:29:11.174   779   876 W PackageManager: Unknown permission android.permission.NFC_UNLOCK in package com.android.nfc
03-21 14:29:11.174   779   876 W PackageManager: Unknown permission com.android.launcher.permission.READ_SETTINGS in package com.google.android.launcher
03-21 14:29:11.175   779   876 W PackageManager: Unknown permission com.android.launcher.permission.WRITE_SETTINGS in package com.google.android.launcher
03-21 14:29:11.175   779   876 W PackageManager: Unknown permission com.google.android.email.permission.ACCESS_PROVIDER in package com.google.android.gm
03-21 14:29:11.175   779   876 W PackageManager: Unknown permission android.permission.READ_OWNER_DATA in package com.google.android.setupwizard
03-21 14:29:11.175   779   876 W PackageManager: Unknown permission android.permission.WRITE_OWNER_DATA in package com.google.android.setupwizard
03-21 14:29:11.176   779   876 W PackageManager: Unknown permission com.sprint.internal.permission.SYSTEMPROPERTIES in package com.redbend.vdmc
03-21 14:29:11.176   779   876 W PackageManager: Unknown permission com.sprint.internal.permission.SYSTEMPROPERTIES_WRITE in package com.redbend.vdmc
03-21 14:29:11.176   779   876 W PackageManager: Unknown permission com.sprint.internal.permission.CONNECTIONMANAGER in package com.redbend.vdmc
03-21 14:29:11.176   779   876 W PackageManager: Unknown permission com.sprint.internal.permission.PLATFORM in package com.redbend.vdmc
03-21 14:29:11.177   779   876 W PackageManager: Unknown permission android.permission.WRITE_SYNC_STATS in package com.google.android.apps.docs
03-21 14:29:11.178   779   876 W PackageManager: Not granting permission android.permission.CAMERA to package com.harman.ovrsclient because it was previously installed without
03-21 14:29:11.179   779   876 W PackageManager: Unknown permission com.google.android.permission.PROVIDE_BACKGROUND in package com.google.android.apps.fitness
03-21 14:29:11.179   779   876 W PackageManager: Not granting permission android.permission.INTERACT_ACROSS_USERS to package com.google.android.syncadapters.contacts (protectionLevel=50 flags=0x38883e45)
03-21 14:29:11.179   779   876 W PackageManager: Unknown permission com.google.android.gms.permission.CONTACTS_SYNC_DELEGATION in package com.google.android.syncadapters.contacts
03-21 14:29:11.180   779   876 W PackageManager: Unknown permission com.chrome.permission.DEVICE_EXTRAS in package com.android.chrome
03-21 14:29:11.180   779   876 W PackageManager: Unknown permission com.sec.enterprise.knox.MDM_CONTENT_PROVIDER in package com.android.chrome
03-21 14:29:11.182   779   876 W PackageManager: Unknown permission com.google.android.wearable.READ_SETTINGS in package com.google.android.gms
03-21 14:29:11.182   779   876 W PackageManager: Not granting permission android.permission.MANAGE_DOCUMENTS to package com.google.android.gms (protectionLevel=2 flags=0xb8483e45)
03-21 14:29:11.184   779   876 W PackageManager: Unknown permission com.android.launcher.permission.PRELOAD_WORKSPACE in package com.google.android.partnersetup
03-21 14:29:11.184   779   876 W PackageManager: Not granting permission com.google.android.googleapps.permission.GOOGLE_AUTH to package com.google.android.videos (protectionLevel=2 flags=0x38583e45)
03-21 14:29:11.185   779   876 W PackageManager: Unknown permission com.google.android.gallery3d.permission.PICASA_STORE in package com.google.android.apps.photos
03-21 14:29:11.186   779   876 W PackageManager: Not granting permission android.permission.CONTROL_KEYGUARD to package com.google.android.gsf.login (protectionLevel=2 flags=0x3048be45)
03-21 14:29:11.187   779   876 W PackageManager: Unknown permission com.android.vending.billing.IBillingAccountService.BIND2 in package com.google.android.gsf.login
03-21 14:29:11.188   779   876 W PackageManager: Unknown permission com.android.launcher.permission.READ_SETTINGS in package com.android.settings
03-21 14:29:11.188   779   876 W PackageManager: Unknown permission com.android.launcher.permission.WRITE_SETTINGS in package com.android.settings
03-21 14:29:11.189   779   876 W PackageManager: Not granting permission android.permission.REGISTER_CONNECTION_MANAGER to package com.google.android.talk (protectionLevel=18 flags=0x3849be45)
03-21 14:29:11.190   779   876 W PackageManager: Unknown permission com.android.smspush.WAPPUSH_MANAGER_BIND in package com.android.phone
03-21 14:29:11.194   779   876 W PackageManager: Unknown permission com.android.gallery3d.permission.GALLERY_PROVIDER in package com.android.bluetooth
03-21 14:29:11.194   779   876 W PackageManager: Not granting permission android.permission.BIND_WALLPAPER to package com.google.android.GoogleCamera (protectionLevel=18 flags=0x38583c45)
03-21 14:29:11.285   779   876 W MountService: No primary storage mounted!
03-21 14:29:11.285   779   876 D VoldConnector: SND -> {2 asec list}
03-21 14:29:11.286   779   877 D VoldConnector: RCV <- {200 2 asec operation succeeded}
03-21 14:29:11.289   779   779 I SystemServiceManager: Starting com.android.server.devicepolicy.DevicePolicyManagerService$Lifecycle
03-21 14:29:11.295   779   779 I SystemServer: Status Bar
03-21 14:29:11.301   779   779 I SystemServer: Clipboard Service
03-21 14:29:11.303   779   779 I SystemServer: NetworkManagement Service
03-21 14:29:11.310   779   779 I SystemServer: Text Service Manager Service
03-21 14:29:11.316   779   779 I SystemServer: Network Score Service
03-21 14:29:11.318   779   779 I SystemServer: NetworkStats Service
03-21 14:29:11.328   779   779 I SystemServer: NetworkPolicy Service
03-21 14:29:11.354   779   779 I SystemServiceManager: Starting com.android.server.wifi.p2p.WifiP2pService
03-21 14:29:11.405   779   779 I SystemServiceManager: Starting com.android.server.wifi.WifiService
03-21 14:29:11.565   779   779 I SystemServiceManager: Starting com.android.server.wifi.WifiScanningService
03-21 14:29:11.567   779   779 I SystemServiceManager: Starting com.android.server.wifi.RttService
03-21 14:29:11.568   779   779 I SystemServiceManager: Starting com.android.server.ethernet.EthernetService
03-21 14:29:11.572   779   779 I SystemServer: Connectivity Service
03-21 14:29:11.575   779   779 D ConnectivityService: ConnectivityService starting up
03-21 14:29:11.578   779   779 D ConnectivityService: wifiOnly=false
03-21 14:29:11.584   779   779 I SystemServer: Network Service Discovery Service
03-21 14:29:11.586   779   779 D NsdService: Network service discovery enabled true
03-21 14:29:11.588   779   779 I SystemServer: UpdateLock Service
03-21 14:29:11.589   779   779 I SystemServiceManager: Starting com.android.server.notification.NotificationManagerService
03-21 14:29:11.613   779   779 I SystemServiceManager: Starting com.android.server.storage.DeviceStorageMonitorService
03-21 14:29:11.616   779   779 I SystemServer: Location Manager
03-21 14:29:11.619   779   779 I SystemServer: Country Detector
03-21 14:29:11.621   779   779 I SystemServer: Search Service
03-21 14:29:11.622   779   779 I SystemServer: DropBox Service
03-21 14:29:11.624   779   779 I SystemServer: Wallpaper Service
03-21 14:29:11.627   779   779 I SystemServer: Audio Service
03-21 14:29:11.656   779   779 I SystemServiceManager: Starting com.android.server.DockObserver
03-21 14:29:11.657   779   779 W DockObserver: This kernel does not have dock station support
03-21 14:29:11.657   779   779 I SystemServer: Wired Accessory Manager
03-21 14:29:11.659   779   779 I SystemServiceManager: Starting com.android.server.midi.MidiService$Lifecycle
03-21 14:29:11.663   779   779 I SystemServiceManager: Starting com.android.server.usb.UsbService$Lifecycle
03-21 14:29:11.672   779   779 I SystemServer: Serial Service
03-21 14:29:11.673   779   779 I SystemServiceManager: Starting com.android.server.twilight.TwilightService
03-21 14:29:11.675   779   779 I SystemServiceManager: Starting com.android.server.job.JobSchedulerService
03-21 14:29:11.681   779   779 I SystemServiceManager: Starting com.android.server.backup.BackupManagerService$Lifecycle
03-21 14:29:11.682   779   779 I SystemServiceManager: Starting com.android.server.appwidget.AppWidgetService
03-21 14:29:11.686   779   779 I SystemServiceManager: Starting com.android.server.voiceinteraction.VoiceInteractionManagerService
03-21 14:29:11.687   779   779 W SoundTriggerHelper: listModules status=0, # of modules=0
03-21 14:29:11.688   779   779 I SystemServer: Gesture Launcher Service
03-21 14:29:11.689   779   779 I SystemServiceManager: Starting com.android.server.GestureLauncherService
03-21 14:29:11.689   779   779 I SystemServer: DiskStats Service
03-21 14:29:11.690   779   779 I SystemServer: SamplingProfiler Service
03-21 14:29:11.695   779   779 I SystemServer: NetworkTimeUpdateService
03-21 14:29:11.696   779   779 I SystemServer: CommonTimeManagementService
03-21 14:29:11.697   779   779 I SystemServer: CertBlacklister
03-21 14:29:11.698   779   779 I SystemServiceManager: Starting com.android.server.dreams.DreamManagerService
03-21 14:29:11.699   779   779 I SystemServer: Assets Atlas Service
03-21 14:29:11.705   779   779 I SystemServiceManager: Starting com.android.server.print.PrintManagerService
03-21 14:29:11.718   779   779 I SystemServiceManager: Starting com.android.server.restrictions.RestrictionsManagerService
03-21 14:29:11.720   779   779 I SystemServiceManager: Starting com.android.server.media.MediaSessionService
03-21 14:29:11.726   779   779 I SystemServer: Media Router Service
03-21 14:29:11.728   779   779 I SystemServiceManager: Starting com.android.server.trust.TrustManagerService
03-21 14:29:11.731   779   779 I SystemServiceManager: Starting com.android.server.fingerprint.FingerprintService
03-21 14:29:11.734   779   779 W FingerprintService: fingerprint service not available
03-21 14:29:11.734   779   779 V FingerprintService: Fingerprint HAL id: 0
03-21 14:29:11.734   779   779 I SystemServer: BackgroundDexOptService
03-21 14:29:11.737   779   779 I SystemServiceManager: Starting com.android.server.pm.LauncherAppsService
03-21 14:29:11.740   779   779 I SystemServiceManager: Starting com.android.server.media.projection.MediaProjectionManagerService
03-21 14:29:11.757   779   779 I SystemServiceManager: Starting com.android.server.MmsServiceBroker
03-21 14:29:11.790   779   779 E LockSettingsStorage: Cannot read file java.io.FileNotFoundException: /data/system/gatekeeper.password.key: open failed: ENOENT (No such file or directory)
03-21 14:29:11.790   779   779 E LockSettingsStorage: Cannot read file java.io.FileNotFoundException: /data/system/password.key: open failed: ENOENT (No such file or directory)
03-21 14:29:11.791   779   779 E LockSettingsStorage: Cannot read file java.io.FileNotFoundException: /data/system/gatekeeper.pattern.key: open failed: ENOENT (No such file or directory)
03-21 14:29:11.791   779   779 E LockSettingsStorage: Cannot read file java.io.FileNotFoundException: /data/system/gatekeeper.gesture.key: open failed: ENOENT (No such file or directory)
03-21 14:29:11.792   779   779 E LockSettingsStorage: Cannot read file java.io.FileNotFoundException: /data/system/gesture.key: open failed: ENOENT (No such file or directory)
03-21 14:29:11.792   779   779 I SystemServiceManager: Starting phase 480
03-21 14:29:11.810   779   779 I SystemServiceManager: Starting phase 500
03-21 14:29:11.814   779   779 I WifiService: WifiService starting up with Wi-Fi enabled
03-21 14:29:11.817   779   779 D WifiService: setWifiEnabled: true pid=779, uid=1000
03-21 14:29:11.817   779   779 E WifiService: Invoking mWifiStateMachine.setWifiEnabled
03-21 14:29:11.834   779   884 D WifiService: New client listening to asynchronous messages
03-21 14:29:11.845   779   885 D ConnectivityService: Got NetworkFactory Messenger for Ethernet
03-21 14:29:11.857   779   779 V BackupManagerService: No ancestral data
03-21 14:29:11.892   779   779 V KeyValueBackupJob: Scheduling k/v pass in 248 minutes
03-21 14:29:11.959   779   779 V BackupManagerService: Starting with transport com.google.android.gms/.backup.BackupTransportService
03-21 14:29:11.960   779   779 V BackupManagerService: Found transports: 2
03-21 14:29:11.960   779   779 I BackupManagerService: Binding to transport host ComponentInfo{android/com.android.internal.backup.LocalTransportService}
03-21 14:29:11.962   779   779 I BackupManagerService: Binding to transport host ComponentInfo{com.google.android.gms/com.google.android.gms.backup.BackupTransportService}
03-21 14:29:11.963   779   779 I BackupManagerService: Found stale backup journal, scheduling
03-21 14:29:11.995   779   799 W KeyguardServiceDelegate: onScreenTurningOn(): no keyguard service!
03-21 14:29:11.999   779   779 I ActivityManager: System now ready
03-21 14:29:12.001   779   779 I SystemServer: Making services ready
03-21 14:29:12.001   779   779 I SystemServiceManager: Starting phase 550
03-21 14:29:12.002   779   876 D MountService: Thinking about reset, mSystemReady=true, mDaemonConnected=true
03-21 14:29:12.002   779   876 D VoldConnector: SND -> {3 volume reset}
03-21 14:29:12.002   779   792 I ActivityManager: Force stopping com.android.providers.media appid=10005 user=-1: vold reset
03-21 14:29:12.003   779   877 D VoldConnector: RCV <- {651 emulated 7}
03-21 14:29:12.003   779   877 D VoldConnector: RCV <- {659 emulated}
03-21 14:29:12.003   779   877 D VoldConnector: RCV <- {650 emulated 2 "" ""}
03-21 14:29:12.003   779   877 D VoldConnector: RCV <- {651 emulated 0}
03-21 14:29:12.003   779   779 D UsbAlsaManager: Adding ALSA device AlsaDevice: [card: 0, device: 0, type: 2]
03-21 14:29:12.003   779   877 D VoldConnector: RCV <- {200 3 Command succeeded}
03-21 14:29:12.003   779   779 D UsbAlsaManager: Adding ALSA device AlsaDevice: [card: 0, device: 0, type: 1]
03-21 14:29:12.003   779   779 D UsbAlsaManager: Adding ALSA device AlsaDevice: [card: 0, device: 1, type: 2]
03-21 14:29:12.003   779   779 D UsbAlsaManager: Adding ALSA device AlsaDevice: [card: 0, device: 1, type: 1]
03-21 14:29:12.003   779   779 D UsbAlsaManager: Adding ALSA device AlsaDevice: [card: 0, device: 2, type: 2]
03-21 14:29:12.003   779   779 D UsbAlsaManager: Adding ALSA device AlsaDevice: [card: 0, device: 2, type: 1]
03-21 14:29:12.003   779   779 D UsbAlsaManager: Adding ALSA device AlsaDevice: [card: 0, device: 3, type: 2]
03-21 14:29:12.003   779   779 D UsbAlsaManager: Adding ALSA device AlsaDevice: [card: 0, device: 3, type: 1]
03-21 14:29:12.003   779   779 D UsbAlsaManager: Adding ALSA device AlsaDevice: [card: 0, device: 4, type: 1]
03-21 14:29:12.004   779   779 D UsbAlsaManager: Adding ALSA device AlsaDevice: [card: 0, device: 5, type: 2]
03-21 14:29:12.004   779   876 D VoldConnector: SND -> {4 volume user_added 0 0}
03-21 14:29:12.004   779   779 D UsbAlsaManager: Adding ALSA device AlsaDevice: [card: 0, device: 5, type: 1]
03-21 14:29:12.004   779   779 D UsbAlsaManager: Adding ALSA device AlsaDevice: [card: 0, device: 6, type: 2]
03-21 14:29:12.004   779   779 D UsbAlsaManager: Adding ALSA device AlsaDevice: [card: 0, device: 6, type: 1]
03-21 14:29:12.004   779   779 D UsbAlsaManager: Adding ALSA device AlsaDevice: [card: 0, device: 7, type: 1]
03-21 14:29:12.004   779   779 D UsbAlsaManager: Adding ALSA device AlsaDevice: [card: 0, device: 8, type: 2]
03-21 14:29:12.004   779   779 D UsbAlsaManager: Adding ALSA device AlsaDevice: [card: 0, device: 10, type: 2]
03-21 14:29:12.004   779   779 D UsbAlsaManager: Adding ALSA device AlsaDevice: [card: 0, device: 10, type: 1]
03-21 14:29:12.004   779   877 D VoldConnector: RCV <- {200 4 Command succeeded}
03-21 14:29:12.004   779   779 D UsbAlsaManager: Adding ALSA device AlsaDevice: [card: 0, device: 11, type: 2]
03-21 14:29:12.004   779   779 D UsbAlsaManager: Adding ALSA device AlsaDevice: [card: 0, device: 11, type: 1]
03-21 14:29:12.005   779   794 V MountService: Found primary storage at VolumeInfo{emulated}:
03-21 14:29:12.005   779   794 V MountService:     type=EMULATED diskId=null partGuid=null mountFlags=0 mountUserId=-1 
03-21 14:29:12.005   779   794 V MountService:     state=UNMOUNTED 
03-21 14:29:12.005   779   794 V MountService:     fsType=null fsUuid=null fsLabel=null 
03-21 14:29:12.005   779   794 V MountService:     path=null internalPath=null 
03-21 14:29:12.005   779   779 D UsbAlsaManager: Adding ALSA device AlsaDevice: [card: 0, device: 12, type: 2]
03-21 14:29:12.005   779   876 D VoldConnector: SND -> {5 volume mount emulated 3 -1}
03-21 14:29:12.005   779   779 D UsbAlsaManager: Adding ALSA device AlsaDevice: [card: 0, device: 12, type: 1]
03-21 14:29:12.005   779   779 D UsbAlsaManager: Adding ALSA device AlsaDevice: [card: 0, device: 13, type: 2]
03-21 14:29:12.005   779   779 D UsbAlsaManager: Adding ALSA device AlsaDevice: [card: 0, device: 13, type: 1]
03-21 14:29:12.005   779   779 D UsbAlsaManager: Adding ALSA device AlsaDevice: [card: 0, device: 14, type: 2]
03-21 14:29:12.005   779   779 D UsbAlsaManager: Adding ALSA device AlsaDevice: [card: 0, device: 14, type: 1]
03-21 14:29:12.005   779   779 D UsbAlsaManager: Adding ALSA device AlsaDevice: [card: 0, device: 15, type: 2]
03-21 14:29:12.005   779   779 D UsbAlsaManager: Adding ALSA device AlsaDevice: [card: 0, device: 15, type: 1]
03-21 14:29:12.005   779   779 D UsbAlsaManager: Adding ALSA device AlsaDevice: [card: 0, device: 16, type: 2]
03-21 14:29:12.005   779   779 D UsbAlsaManager: Adding ALSA device AlsaDevice: [card: 0, device: 17, type: 2]
03-21 14:29:12.005   779   779 D UsbAlsaManager: Adding ALSA device AlsaDevice: [card: 0, device: 17, type: 1]
03-21 14:29:12.005   779   779 D UsbAlsaManager: Adding ALSA device AlsaDevice: [card: 0, device: 18, type: 1]
03-21 14:29:12.005   779   779 D UsbAlsaManager: Adding ALSA device AlsaDevice: [card: 0, device: 19, type: 1]
03-21 14:29:12.005   779   779 D UsbAlsaManager: Adding ALSA device AlsaDevice: [card: 0, device: 20, type: 1]
03-21 14:29:12.006   779   779 D UsbAlsaManager: Adding ALSA device AlsaDevice: [card: 0, device: 21, type: 2]
03-21 14:29:12.006   779   779 D UsbAlsaManager: Adding ALSA device AlsaDevice: [card: 0, device: 22, type: 1]
03-21 14:29:12.006   779   779 D UsbAlsaManager: Adding ALSA device AlsaDevice: [card: 0, device: 23, type: 2]
03-21 14:29:12.006   779   877 D VoldConnector: RCV <- {651 emulated 1}
03-21 14:29:12.006   779   877 D VoldConnector: RCV <- {656 emulated /data/media}
03-21 14:29:12.006   779   877 D VoldConnector: RCV <- {655 emulated /storage/emulated}
03-21 14:29:12.007   148   167 V vold    : Waiting for FUSE to spin up...
03-21 14:29:12.008   779   779 I SystemServer: WebViewFactory preparation
03-21 14:29:12.034   779   792 I ActivityManager: Start proc 907:android.process.media/u0a5 for broadcast com.android.providers.media/.MtpReceiver
03-21 14:29:12.044   779   779 I ActivityManager: Start proc 916:WebViewLoader-armeabi-v7a/1037 [android.webkit.WebViewFactory$RelroFileCreator] for 
03-21 14:29:12.057   779   877 D VoldConnector: RCV <- {651 emulated 2}
03-21 14:29:12.058   779   877 D VoldConnector: RCV <- {200 5 Command succeeded}
03-21 14:29:12.065   779   779 I ActivityManager: Start proc 934:com.android.systemui/u0a20 for service com.android.systemui/.SystemUIService
03-21 14:29:12.065   779   779 D NetworkManagement: enabling bandwidth control
03-21 14:29:12.081   779   792 I ActivityManager: Start proc 946:com.android.externalstorage/u0a6 for broadcast com.android.externalstorage/.MountReceiver
03-21 14:29:12.590   779   789 I StatusBarManagerService: registerStatusBar bar=com.android.internal.statusbar.IStatusBar$Stub$Proxy@159aaea
03-21 14:29:12.826   779   792 I ActivityManager: Start proc 1138:com.google.android.apps.gcs/u0a7 for broadcast com.google.android.apps.gcs/.receiver.WifiStateChangedReceiver
03-21 14:29:12.903   779   884 D WifiService: New client listening to asynchronous messages
03-21 14:29:12.994   779   793 W WindowManager: Keyguard drawn timeout. Setting mKeyguardDrawComplete
03-21 14:29:13.137   779   951 I ActivityManager: Start proc 1231:com.google.process.gapps/u0a8 for content provider com.google.android.gsf/.gservices.GservicesProvider
03-21 14:29:13.226   779   789 D ConnectivityService: listenForNetwork for Listen from uid/pid:10020/934 for NetworkRequest [ id=3, legacyType=-1, [] ]
03-21 14:29:13.267   779   779 E NetdConnector: NDC Command {9 strict enable} took too long (794ms)
03-21 14:29:13.329   779   790 I ActivityManager: Start proc 1293:android.process.acore/u0a3 for content provider com.android.providers.contacts/.ContactsProvider2
03-21 14:29:13.437   779   779 I SystemServiceManager: Starting phase 600
03-21 14:29:13.441   779   779 I BackupManagerService: Backup enabled => false
03-21 14:29:13.444   779   884 D WifiService: New client listening to asynchronous messages
03-21 14:29:13.460   779  1291 I ActivityManager: Start proc 1325:com.android.settings/1000 for broadcast com.android.settings/.widget.SettingsAppWidgetProvider
03-21 14:29:13.472   779   779 I ActivityManager: Start proc 1338:com.google.android.googlequicksearchbox:interactor/u0a22 for service com.google.android.googlequicksearchbox/com.google.android.voiceinteraction.GsaVoiceInteractionService
03-21 14:29:13.477   779   779 E InputMethodManagerService: Ignoring updateSystemUiLocked due to an invalid token. uid:1000 token:null
03-21 14:29:13.509   779   779 I ActivityManager: Start proc 1351:com.google.android.inputmethod.latin/u0a50 for service com.google.android.inputmethod.latin/com.android.inputmethod.latin.LatinIME
03-21 14:29:13.509   779   779 V InputMethodManagerService: Adding window token: android.os.Binder@b8e2324
03-21 14:29:13.725   779   884 D WifiService: New client listening to asynchronous messages
03-21 14:29:13.740   779  1305 I ActivityManager: Start proc 1376:com.redbend.vdmc/1001 for broadcast com.redbend.vdmc/.dmc_handler_receiver
03-21 14:29:13.768   779   779 E LocationManagerService: Hardware Activity-Recognition not supported.
03-21 14:29:13.786   779   779 I MmsServiceBroker: Delay connecting to MmsService until an API is called
03-21 14:29:13.787   779   779 D MountService: onStartUser 0
03-21 14:29:13.787   779   779 D VoldConnector: SND -> {6 volume user_started 0}
03-21 14:29:13.788   148   167 D vold    : Linking /storage/emulated/0 to /mnt/user/0/primary
03-21 14:29:13.788   779   877 D VoldConnector: RCV <- {200 6 Command succeeded}
03-21 14:29:13.789   779   876 D MountService: Volume emulated broadcasting mounted to UserHandle{0}
03-21 14:29:13.802   779   779 I ActivityManager: Start proc 1396:com.android.nfc/1027 for added application com.android.nfc
03-21 14:29:13.819   779   779 I ActivityManager: Start proc 1409:com.android.phone/1001 for added application com.android.phone
03-21 14:29:13.821   779   779 I ActivityManager: START u0 {act=android.intent.action.MAIN cat=[android.intent.category.HOME] flg=0x10000000 cmp=com.google.android.googlequicksearchbox/com.google.android.launcher.GEL} from uid 0 on display 0
03-21 14:29:13.843   779   779 I ActivityManager: Start proc 1425:com.google.android.googlequicksearchbox/u0a22 for activity com.google.android.googlequicksearchbox/com.google.android.launcher.GEL
03-21 14:29:13.919   779   791 I ActivityManager: Start proc 1440:com.android.printspooler/u0a63 for service com.android.printspooler/.model.PrintSpoolerService
03-21 14:29:14.014   779   880 I ActivityManager: Start proc 1465:com.google.android.gms.persistent/u0a8 for broadcast com.google.android.gms/com.google.android.location.internal.NlpNetworkProviderSettingsUpdateReceiver
03-21 14:29:14.043   779   779 I Telecom : Class: TelecomSystem.INSTANCE being set
03-21 14:29:14.043   779   779 W ContextImpl: Calling a method in the system process without a qualified user: android.app.ContextImpl.startService:1221 android.content.ContextWrapper.startService:581 com.android.server.telecom.components.TelecomService.initializeTelecomSystem:107 com.android.server.telecom.components.TelecomService.onBind:46 android.app.ActivityThread.handleBindService:2904 
03-21 14:29:14.072   779   900 V KeyValueBackupJob: Scheduling k/v pass in 248 minutes
03-21 14:29:14.072   779   779 V WiredAccessoryManager: notifyWiredAccessoryChanged: when=0 bits= mask=54
03-21 14:29:14.072   779   779 V WiredAccessoryManager: newName=h2w newState=0 headsetState=0 prev headsetState=0
03-21 14:29:14.072   779   779 V WiredAccessoryManager: init()
03-21 14:29:14.110   779  1305 I ActivityManager: Start proc 1484:com.google.android.googlequicksearchbox:search/u0a22 for service com.google.android.googlequicksearchbox/com.google.android.hotword.service.HotwordService
03-21 14:29:14.126   779   779 V BackupManagerService: Connected to transport ComponentInfo{android/com.android.internal.backup.LocalTransportService}
03-21 14:29:14.126   779   779 V BackupManagerService: Registering transport android/com.android.internal.backup.LocalTransportService::android/com.android.internal.backup.LocalTransport = android.app.backup.BackupTransport$TransportImpl@bf40469
03-21 14:29:14.575   779  1305 I ActivityManager: Start proc 1529:com.google.android.gm.exchange/u0a60 for content provider com.google.android.gm.exchange/com.android.exchange.provider.ExchangeDirectoryProvider
03-21 14:29:14.590  1338  1338 W KeyphraseEnrollmentInfo: Enrollment application doesn't support keyphrases
03-21 14:29:14.610   779   885 D ConnectivityService: Got NetworkFactory Messenger for WIFI
03-21 14:29:14.610   779   885 D ConnectivityService: Got NetworkFactory Messenger for WIFI_UT
03-21 14:29:14.650   779   885 E ConnectivityService: Failed to find Messenger in unregisterNetworkFactory
03-21 14:29:14.667   779   885 D ConnectivityService: Got NetworkFactory Messenger for Telephony
03-21 14:29:14.710   779   883 D ConnectivityService: registerNetworkAgent NetworkAgentInfo{ ni{[type: WIFI[], state: CONNECTING/CONNECTING, reason: (unspecified), extra: "H-INTERNET", roaming: false, failover: false, isAvailable: true]}  network{100}  lp{{LinkAddresses: []  Routes: [] DnsAddresses: [] Domains: null MTU: 0 TcpBufferSizes: 524288,1048576,2097152,262144,524288,1048576}}  nc{[ Transports: WIFI Capabilities: INTERNET&NOT_RESTRICTED&TRUSTED&NOT_VPN LinkUpBandwidth>=1048576Kbps LinkDnBandwidth>=1048576Kbps]}  Score{20}  everValidated{false}  lastValidated{false}  created{false} lingering{false} explicitlySelected{false} acceptUnvalidated{false} everCaptivePortalDetected{false} lastCaptivePortalDetected{false} }
03-21 14:29:14.710   779   885 D ConnectivityService: NetworkAgentInfo [WIFI () - 100] EVENT_NETWORK_INFO_CHANGED, going from null to CONNECTING
03-21 14:29:14.726   779  1306 I ActivityManager: Start proc 1556:com.google.android.partnersetup/u0a13 for content provider com.google.android.partnersetup/.RlzAppProvider
03-21 14:29:14.805   779   885 D ConnectivityService: notifyType CAP_CHANGED for NetworkAgentInfo [WIFI () - 100]
03-21 14:29:14.806   779   885 D ConnectivityService: updateNetworkScore for NetworkAgentInfo [WIFI () - 100] to 55
03-21 14:29:14.862   779   790 I ActivityManager: Start proc 1588:com.google.android.gm/u0a61 for content provider com.google.android.gm/com.android.email.provider.EmailProvider
03-21 14:29:14.909   779   789 I ActivityManager: Start proc 1604:com.google.process.gapps/u0a42 for content provider com.google.android.syncadapters.contacts/.GalProvider
03-21 14:29:14.964   779   779 V BackupManagerService: Connected to transport ComponentInfo{com.google.android.gms/com.google.android.gms.backup.BackupTransportService}
03-21 14:29:14.964   779   779 V BackupManagerService: Registering transport com.google.android.gms/.backup.BackupTransportService::com.google.android.gms/.backup.BackupTransportService = com.android.internal.backup.IBackupTransport$Stub$Proxy@e4e2ca6
03-21 14:29:14.982   779   885 D ConnectivityService: NetworkAgentInfo [WIFI () - 100] EVENT_NETWORK_INFO_CHANGED, going from CONNECTING to CONNECTED
03-21 14:29:14.984   779   885 D ConnectivityService: Adding iface wlan0 to network 100
03-21 14:29:15.130   779   884 D WifiService: New client listening to asynchronous messages
03-21 14:29:15.159   779   789 I Telecom : PhoneAccountRegistrar: [ComponentInfo{com.android.phone/com.android.services.telephony.TelephonyConnectionService}, [e0184adedf913b076626646d3f52c3b49c39ad6d], UserHandle{0}(icon: Icon(typ=BITMAP size=57x72) -> Icon(typ=BITMAP size=57x72))]
03-21 14:29:15.318   779   885 E ConnectivityService: Unexpected mtu value: 0, wlan0
03-21 14:29:15.318   779   885 D ConnectivityService: Adding Route [fe80::/64 -> :: wlan0] to network 100
03-21 14:29:15.319   779   885 D ConnectivityService: Adding Route [192.168.101.0/24 -> 0.0.0.0 wlan0] to network 100
03-21 14:29:15.320   779   885 D ConnectivityService: Adding Route [0.0.0.0/0 -> 192.168.101.1 wlan0] to network 100
03-21 14:29:15.321   779   885 D ConnectivityService: Setting Dns servers for network 100 to [/8.8.8.8, /8.8.4.4]
03-21 14:29:15.326   779   885 D ConnectivityService: notifyType IP_CHANGED for NetworkAgentInfo [WIFI () - 100]
03-21 14:29:15.332   779   885 D ConnectivityService: scheduleUnvalidatedPrompt 100
03-21 14:29:15.332   779   885 D ConnectivityService: updateSignalStrengthThresholds: CONNECT, sending [] to NetworkAgentInfo [WIFI () - 100]
03-21 14:29:15.332   779   885 D ConnectivityService: rematch for NetworkAgentInfo [WIFI () - 100]
03-21 14:29:15.332   779   885 D ConnectivityService:    accepting network in place of null
03-21 14:29:15.333   779   885 D ConnectivityService: Switching to new default network: NetworkAgentInfo{ ni{[type: WIFI[], state: CONNECTED/CONNECTED, reason: (unspecified), extra: "H-INTERNET", roaming: false, failover: false, isAvailable: true]}  network{100}  lp{{InterfaceName: wlan0 LinkAddresses: [fe80::bef5:acff:fef7:d585/64,192.168.101.4/24,]  Routes: [fe80::/64 -> :: wlan0,192.168.101.0/24 -> 0.0.0.0 wlan0,0.0.0.0/0 -> 192.168.101.1 wlan0,] DnsAddresses: [8.8.8.8,8.8.4.4,] Domains: ad.harman.com MTU: 0 TcpBufferSizes: 524288,1048576,2097152,262144,524288,1048576}}  nc{[ Transports: WIFI Capabilities: INTERNET&NOT_RESTRICTED&TRUSTED&NOT_VPN LinkUpBandwidth>=1048576Kbps LinkDnBandwidth>=1048576Kbps SignalStrength: -74]}  Score{15}  everValidated{false}  lastValidated{false}  created{true} lingering{false} explicitlySelected{false} acceptUnvalidated{false} everCaptivePortalDetected{false} lastCaptivePortalDetected{false} }
03-21 14:29:15.379   779   885 D ConnectivityService: Setting tx/rx TCP buffers to 524288,1048576,2097152,262144,524288,1048576
03-21 14:29:15.380   779   789 I Telecom : : Sending phone-account intent as user
03-21 14:29:15.382   779   885 D CSLegacyTypeTracker: Sending CONNECTED broadcast for type 1 NetworkAgentInfo [WIFI () - 100] isDefaultNetwork=true
03-21 14:29:15.382   779   885 D ConnectivityService: sendStickyBroadcast: action=android.net.conn.CONNECTIVITY_CHANGE
03-21 14:29:15.383   779   885 D ConnectivityService: notifyType PRECHECK for NetworkAgentInfo [WIFI () - 100]
03-21 14:29:15.398   779  1305 D CryptdConnector: SND -> {2 cryptfs getpw}
03-21 14:29:15.398   148   168 D VoldCryptCmdListener: cryptfs getpw
03-21 14:29:15.398   148   168 I Ext4Crypt: ext4 crypto complete called on /data
03-21 14:29:15.398   148   168 I Ext4Crypt: No master key, so not ext4enc
03-21 14:29:15.398   148   168 I Ext4Crypt: ext4 crypto complete called on /data
03-21 14:29:15.398   148   168 I Ext4Crypt: No master key, so not ext4enc
03-21 14:29:15.399   779   878 D CryptdConnector: RCV <- {200 2 -1}
03-21 14:29:15.399   779  1305 D CryptdConnector: SND -> {3 cryptfs clearpw}
03-21 14:29:15.399   148   168 D VoldCryptCmdListener: cryptfs clearpw
03-21 14:29:15.399   148   168 I Ext4Crypt: ext4 crypto complete called on /data
03-21 14:29:15.399   148   168 I Ext4Crypt: No master key, so not ext4enc
03-21 14:29:15.399   779   878 D CryptdConnector: RCV <- {200 3 0}
03-21 14:29:15.400   779   789 W Telecom : : No account found for the calling user
03-21 14:29:15.498   779   951 I ActivityManager: Start proc 1717:com.google.android.gms/u0a8 for service com.google.android.gms/.usagereporting.service.UsageReportingService
03-21 14:29:15.507   779  1456 I Telecom : PhoneAccountRegistrar: [ComponentInfo{com.android.phone/com.android.services.telephony.TelephonyConnectionService}, [e0184adedf913b076626646d3f52c3b49c39ad6d], UserHandle{0}(icon: Icon(typ=BITMAP size=57x72) -> Icon(typ=BITMAP size=57x72))]
03-21 14:29:15.518   779  1456 I Telecom : : Sending phone-account intent as user
03-21 14:29:15.589   779  1291 W Telecom : : No account found for the calling user
03-21 14:29:15.606   779   885 D ConnectivityService: setProvNotificationVisibleIntent null visible=false networkType=MOBILE extraInfo=null highPriority=false
03-21 14:29:15.606   779   885 D ConnectivityService: NetworkAgentInfo [WIFI () - 100] validation  passed
03-21 14:29:15.606   779   885 D ConnectivityService: notifyType CAP_CHANGED for NetworkAgentInfo [WIFI () - 100]
03-21 14:29:15.607   779   885 D ConnectivityService: sendStickyBroadcast: action=android.net.conn.INET_CONDITION_ACTION
03-21 14:29:15.698  1588  1742 D ActivityThread: Loading provider com.google.android.gmail.provider;com.android.mail.notifier;com.google.android.gm.email.provider;com.google.android.gm.email.notifier: com.android.email.provider.EmailProvider
03-21 14:29:15.740   779  1291 I Telecom : PhoneAccountRegistrar: [ComponentInfo{com.android.phone/com.android.services.telephony.TelephonyConnectionService}, [e0184adedf913b076626646d3f52c3b49c39ad6d], UserHandle{0}(icon: Icon(typ=BITMAP size=57x72) -> Icon(typ=BITMAP size=57x72))]
03-21 14:29:15.754   779  1291 I Telecom : : Sending phone-account intent as user
03-21 14:29:15.764   779   951 W Telecom : : No account found for the calling user
03-21 14:29:15.842   779   884 D WifiService: New client listening to asynchronous messages
03-21 14:29:15.922   779   790 W ActivityManager: Unable to start service Intent { cmp=com.google.android.gm/com.android.email.service.AttachmentService } U=0: not found
03-21 14:29:15.941   779  1722 I Telecom : PhoneAccountRegistrar: [ComponentInfo{com.android.phone/com.android.services.telephony.TelephonyConnectionService}, [e0184adedf913b076626646d3f52c3b49c39ad6d], UserHandle{0}(icon: Icon(typ=BITMAP size=57x72) -> Icon(typ=BITMAP size=57x72))]
03-21 14:29:15.962   779  1722 I Telecom : : Sending phone-account intent as user
03-21 14:29:15.969   779  1254 W Telecom : : No account found for the calling user
03-21 14:29:16.012   779  1722 I ActivityManager: Start proc 1782:com.google.android.gms.wearable/u0a8 for service com.google.android.gms/.wearable.service.WearableService
03-21 14:29:16.053   779  1306 I ActivityManager: Start proc 1800:com.google.android.apps.maps/u0a52 for broadcast com.google.android.apps.maps/com.google.android.apps.gmm.iamhere.ble.StartBleServiceReceiver
03-21 14:29:17.077   779   884 D WifiService: New client listening to asynchronous messages
03-21 14:29:17.152   779  1455 I ActivityManager: Start proc 1889:com.android.cellbroadcastreceiver/u0a2 for broadcast com.android.cellbroadcastreceiver/.CellBroadcastReceiver
03-21 14:29:17.469   779  1456 I ActivityManager: Start proc 1926:com.android.chrome/u0a34 for broadcast com.android.chrome/org.chromium.chrome.browser.precache.PrecacheServiceLauncher
03-21 14:29:17.696   779  1305 I ActivityManager: Start proc 1941:com.google.android.apps.photos/u0a57 for broadcast com.google.android.apps.photos/.actionqueue.SystemReceiver
03-21 14:29:17.847   779   885 D ConnectivityService: notifyType CAP_CHANGED for NetworkAgentInfo [WIFI () - 100]
03-21 14:29:17.847   779   885 D ConnectivityService: updateNetworkScore for NetworkAgentInfo [WIFI () - 100] to 60
03-21 14:29:18.169   779  1722 I ActivityManager: Start proc 1957:com.google.android.talk/u0a77 for broadcast com.google.android.talk/com.google.android.apps.hangouts.service.NetworkStateReceiver
03-21 14:29:18.601   779  1254 I Telecom : PhoneAccountRegistrar: SimCallManager queried, returning: null
03-21 14:29:18.612   779  1305 I Telecom : PhoneAccountRegistrar: SimCallManager queried, returning: null
03-21 14:29:18.847   779  1306 I ActivityManager: Start proc 1995:com.google.android.music:main/u0a54 for broadcast com.google.android.music/.store.MediaStoreImportService$Receiver
03-21 14:29:20.863   779   885 D ConnectivityService: updateNetworkScore for NetworkAgentInfo [WIFI () - 100] to 59
03-21 14:29:21.728   779   797 I SystemServiceManager: Starting phase 1000
03-21 14:29:21.783   779  2049 I ActivityManager: Start proc 2063:com.android.keychain/1000 for service com.android.keychain/.KeyChainService
03-21 14:29:21.872   779   789 I ActivityManager: Start proc 2081:com.google.android.dialer/u0a10 for broadcast com.google.android.dialer/com.android.dialer.calllog.CallLogReceiver
03-21 14:29:21.921   779  2080 I BootReceiver: Copying /proc/last_kmsg to DropBox (SYSTEM_LAST_KMSG)
03-21 14:29:21.946   779   951 I ActivityManager: Killing 946:com.android.externalstorage/u0a6 (adj 15): empty #17
03-21 14:29:21.962   779  2080 I BootReceiver: Copying audit failures to DropBox
03-21 14:29:21.964   779  2080 I BootReceiver: Copied 521 worth of audits to DropBox
03-21 14:29:21.974   779  2080 I BootReceiver: Checking for fsck errors
03-21 14:29:22.007   779  1291 D ActivityManager: cleanUpApplicationRecord -- 946
03-21 14:29:22.169   779   779 I ActivityManager: Start proc 2124:com.android.providers.calendar/u0a1 for broadcast com.android.providers.calendar/.CalendarReceiver
03-21 14:29:22.185   779  1455 I ActivityManager: Killing 1138:com.google.android.apps.gcs/u0a7 (adj 15): empty #17
03-21 14:29:22.220   779  1456 D ActivityManager: cleanUpApplicationRecord -- 1138
03-21 14:29:22.280   779  1456 I ActivityManager: Start proc 2142:com.google.android.apps.gcs/u0a7 for broadcast com.google.android.apps.gcs/.receiver.BootCompletedReceiver
03-21 14:29:22.384   779  1305 I ActivityManager: Start proc 2167:com.google.android.onetimeinitializer/u0a12 for broadcast com.google.android.onetimeinitializer/.OneTimeInitializerReceiver
03-21 14:29:22.385   779  1305 I ActivityManager: Killing 1604:com.google.process.gapps/u0a42 (adj 15): empty #17
03-21 14:29:22.456   779  1722 D ActivityManager: cleanUpApplicationRecord -- 1604
03-21 14:29:22.509   779  1455 I ActivityManager: Start proc 2194:com.android.managedprovisioning/u0a14 for broadcast com.android.managedprovisioning/.BootReminder
03-21 14:29:22.526   779  1722 I ActivityManager: Config changes=1 {1.0 310mcc?mnc en_US ldltr sw360dp w360dp h568dp 480dpi nrml port finger -keyb/v/h -nav/h s.5}
03-21 14:29:22.711   779   951 I ActivityManager: Killing 1529:com.google.android.gm.exchange/u0a60 (adj 15): empty #17
03-21 14:29:22.751   779  1722 D ActivityManager: cleanUpApplicationRecord -- 1529
03-21 14:29:22.923   779  1305 I ActivityManager: Start proc 2216:com.android.vending/u0a16 for broadcast com.android.vending/com.google.android.finsky.receivers.BootCompletedReceiver
03-21 14:29:22.935   779  1305 I ActivityManager: Killing 1800:com.google.android.apps.maps/u0a52 (adj 15): empty #17
03-21 14:29:22.996   779  1306 D ActivityManager: cleanUpApplicationRecord -- 1800
03-21 14:29:23.062   779   797 I WindowManager: Screen frozen for +523ms due to AppWindowToken{c64ac21 token=Token{c0ada88 ActivityRecord{fa2b62b u0 com.google.android.googlequicksearchbox/com.google.android.launcher.GEL t11}}}
03-21 14:29:23.278   779  1254 I ActivityManager: Killing 1484:com.google.android.googlequicksearchbox:search/u0a22 (adj 15): empty #17
03-21 14:29:23.336   779  2210 D ActivityManager: cleanUpApplicationRecord -- 1484
03-21 14:29:23.364   779   885 D ConnectivityService: handlePromptUnvalidated 100
03-21 14:29:23.443   779  1722 I ActivityManager: Killing 1926:com.android.chrome/u0a34 (adj 15): empty #17
03-21 14:29:23.477   779  1291 D ActivityManager: cleanUpApplicationRecord -- 1926
03-21 14:29:23.834   779  1305 I ActivityManager: Killing 1325:com.android.settings/1000 (adj 15): empty #17
03-21 14:29:23.848   779   884 D WifiService: Client connection lost with reason: 4
03-21 14:29:23.876   779  1455 D ActivityManager: cleanUpApplicationRecord -- 1325
03-21 14:29:24.074   779  1305 I ActivityManager: Start proc 2312:com.google.android.googlequicksearchbox:search/u0a22 for broadcast com.google.android.googlequicksearchbox/com.google.android.search.core.StartUpReceiver
03-21 14:29:24.289   779  2210 I ActivityManager: Killing 1889:com.android.cellbroadcastreceiver/u0a2 (adj 15): empty #17
03-21 14:29:24.316   779  1291 D ActivityManager: cleanUpApplicationRecord -- 1889
03-21 14:29:24.327   779  1305 I ActivityManager: Start proc 2340:com.google.android.configupdater/u0a26 for broadcast com.google.android.configupdater/.CertPin.CertPinUpdateRequestReceiver
03-21 14:29:24.517   779  1722 I ActivityManager: Killing 1440:com.android.printspooler/u0a63 (adj 15): empty #17
03-21 14:29:24.537   779  1306 D ActivityManager: cleanUpApplicationRecord -- 1440
03-21 14:29:24.555   779  2209 I ActivityManager: Start proc 2372:com.lge.SprintHiddenMenu/1000 for broadcast com.lge.SprintHiddenMenu/.sprintspec.data.UaproflieSettingReceiver
03-21 14:29:24.614   779  1254 I ActivityManager: Start proc 2384:com.google.android.calendar/u0a31 for broadcast com.google.android.calendar/com.android.calendar.alerts.AlertReceiver
03-21 14:29:24.615   779  1254 I ActivityManager: Killing 1957:com.google.android.talk/u0a77 (adj 15): empty #17
03-21 14:29:24.670   779  1455 D ActivityManager: cleanUpApplicationRecord -- 1957
03-21 14:29:24.986   779  1456 I ActivityManager: Start proc 2411:com.google.android.apps.fitness/u0a40 for broadcast com.google.android.apps.fitness/.application.FitnessBootReceiver
03-21 14:29:25.159   779  1291 I ActivityManager: Start proc 2427:com.google.process.gapps/u0a42 for broadcast com.google.android.syncadapters.contacts/.ContactsSyncAdapterBroadcastReceiver
03-21 14:29:25.160   779  1291 I ActivityManager: Killing 1941:com.google.android.apps.photos/u0a57 (adj 15): empty #17
03-21 14:29:25.209   779   951 D ActivityManager: cleanUpApplicationRecord -- 1941
03-21 14:29:25.269   779  1254 I ActivityManager: Start proc 2442:com.google.android.apps.maps/u0a52 for broadcast com.google.android.apps.maps/com.google.android.apps.gmm.iamhere.ble.StartBleServiceReceiver
03-21 14:29:25.329   779  1722 I ActivityManager: Killing 1588:com.google.android.gm/u0a61 (adj 15): empty #17
03-21 14:29:25.346   779   790 D ActivityManager: cleanUpApplicationRecord -- 1588
03-21 14:29:25.445   779  1254 W BroadcastQueue: Permission Denial: receiving Intent { act=android.intent.action.BOOT_COMPLETED flg=0x8000010 (has extras) } to com.google.android.gallery3d/com.android.camera.DisableCameraReceiver requires android.permission.RECEIVE_BOOT_COMPLETED due to sender null (uid 1000)
03-21 14:29:25.446   779  1254 I ActivityManager: Killing 1782:com.google.android.gms.wearable/u0a8 (adj 15): empty #17
03-21 14:29:25.506   779   792 I ActivityManager: Start proc 2483:com.google.android.gm/u0a61 for broadcast com.google.android.gm/.GoogleMailDeviceStartupReceiver
03-21 14:29:25.507   779  1455 D ActivityManager: cleanUpApplicationRecord -- 1782
03-21 14:29:25.568  2483  2501 D ActivityThread: Loading provider com.google.android.gmail.provider;com.android.mail.notifier;com.google.android.gm.email.provider;com.google.android.gm.email.notifier: com.android.email.provider.EmailProvider
03-21 14:29:25.615   779  1455 W ActivityManager: Unable to start service Intent { cmp=com.google.android.gm/com.android.email.service.AttachmentService } U=0: not found
03-21 14:29:25.634   779  1455 I ActivityManager: Start proc 2508:com.google.android.gm.exchange/u0a60 for service com.google.android.gm.exchange/com.android.exchange.service.EasService
03-21 14:29:25.687   779  1291 I ActivityManager: Start proc 2531:com.google.android.youtube/u0a69 for broadcast com.google.android.youtube/com.google.android.libraries.youtube.upload.service.UploadService$BootReceiver
03-21 14:29:25.698   779  1305 I ActivityManager: Killing 1995:com.google.android.music:main/u0a54 (adj 15): empty #17
03-21 14:29:25.702  2483  2483 E ActivityThread: Service com.android.email.service.EmailBroadcastProcessorService has leaked ServiceConnection com.android.emailcommon.service.an@e52126 that was originally bound here
03-21 14:29:25.702  2483  2483 E ActivityThread: android.app.ServiceConnectionLeaked: Service com.android.email.service.EmailBroadcastProcessorService has leaked ServiceConnection com.android.emailcommon.service.an@e52126 that was originally bound here
03-21 14:29:25.702  2483  2483 E ActivityThread: 	at android.app.LoadedApk$ServiceDispatcher.<init>(LoadedApk.java:1092)
03-21 14:29:25.702  2483  2483 E ActivityThread: 	at android.app.LoadedApk.getServiceDispatcher(LoadedApk.java:986)
03-21 14:29:25.702  2483  2483 E ActivityThread: 	at android.app.ContextImpl.bindServiceCommon(ContextImpl.java:1303)
03-21 14:29:25.702  2483  2483 E ActivityThread: 	at android.app.ContextImpl.bindService(ContextImpl.java:1286)
03-21 14:29:25.702  2483  2483 E ActivityThread: 	at android.content.ContextWrapper.bindService(ContextWrapper.java:604)
03-21 14:29:25.702  2483  2483 E ActivityThread: 	at com.android.emailcommon.service.al.a(SourceFile:181)
03-21 14:29:25.702  2483  2483 E ActivityThread: 	at com.android.emailcommon.service.al.e(SourceFile:222)
03-21 14:29:25.702  2483  2483 E ActivityThread: 	at com.android.email.service.m.c(SourceFile:158)
03-21 14:29:25.702  2483  2483 E ActivityThread: 	at com.android.email.provider.b.a(SourceFile:201)
03-21 14:29:25.702  2483  2483 E ActivityThread: 	at com.android.email.provider.b.a(SourceFile:145)
03-21 14:29:25.702  2483  2483 E ActivityThread: 	at com.android.email.service.EmailBroadcastProcessorService.c(SourceFile:349)
03-21 14:29:25.702  2483  2483 E ActivityThread: 	at com.android.email.service.EmailBroadcastProcessorService.onHandleIntent(SourceFile:1334)
03-21 14:29:25.702  2483  2483 E ActivityThread: 	at android.app.IntentService$ServiceHandler.handleMessage(IntentService.java:66)
03-21 14:29:25.702  2483  2483 E ActivityThread: 	at android.os.Handler.dispatchMessage(Handler.java:102)
03-21 14:29:25.702  2483  2483 E ActivityThread: 	at android.os.Looper.loop(Looper.java:148)
03-21 14:29:25.702  2483  2483 E ActivityThread: 	at android.os.HandlerThread.run(HandlerThread.java:61)
03-21 14:29:25.729   779  1291 D ActivityManager: cleanUpApplicationRecord -- 1995
03-21 14:29:25.792   779  1306 I ActivityManager: Killing 2063:com.android.keychain/1000 (adj 15): empty #17
03-21 14:29:25.815   779  2209 D ActivityManager: cleanUpApplicationRecord -- 2063
03-21 14:29:26.548   779   789 I ActivityManager: Start proc 2620:com.qualcomm.qcrilmsgtunnel/1001 for broadcast com.qualcomm.qcrilmsgtunnel/.QcrilMsgTunnelAutoboot
03-21 14:29:26.575   779  1254 I ActivityManager: Killing 2081:com.google.android.dialer/u0a10 (adj 15): empty #17
03-21 14:29:26.616   779  1291 D ActivityManager: cleanUpApplicationRecord -- 2081
03-21 14:29:26.628   779   790 I ActivityManager: Start proc 2637:com.google.android.talk/u0a77 for broadcast com.google.android.talk/com.google.android.apps.hangouts.service.BootReceiver
03-21 14:29:26.876   779   885 D ConnectivityService: updateNetworkScore for NetworkAgentInfo [WIFI () - 100] to 60
03-21 14:29:26.904   779   790 I Telecom : PhoneAccountRegistrar: SimCallManager queried, returning: null
03-21 14:29:26.910   779   951 I Telecom : PhoneAccountRegistrar: SimCallManager queried, returning: null
03-21 14:29:26.967   779  1305 I ActivityManager: Start proc 2662:com.google.android.deskclock/u0a80 for broadcast com.google.android.deskclock/com.android.deskclock.AlarmInitReceiver
03-21 14:29:27.177   779  1456 I ActivityManager: Killing 2142:com.google.android.apps.gcs/u0a7 (adj 15): empty #17
03-21 14:29:27.205   779   951 D ActivityManager: cleanUpApplicationRecord -- 2142
03-21 14:29:27.262   779   790 I ActivityManager: Start proc 2680:com.google.android.apps.walletnfcrel/u0a82 for broadcast com.google.android.apps.walletnfcrel/com.google.commerce.tapandpay.android.geofencing.BootBroadcastReceiver
03-21 14:29:27.262   779   790 I ActivityManager: Killing 2167:com.google.android.onetimeinitializer/u0a12 (adj 15): empty #17
03-21 14:29:27.305   779  1722 D ActivityManager: cleanUpApplicationRecord -- 2167
03-21 14:29:27.874   779  1722 I ActivityManager: Start proc 2701:com.google.android.music:main/u0a54 for broadcast com.google.android.music/.store.MediaStoreImportService$Receiver
03-21 14:29:27.874   779  1722 I ActivityManager: Killing 2194:com.android.managedprovisioning/u0a14 (adj 15): empty #17
03-21 14:29:27.957   779   951 D ActivityManager: cleanUpApplicationRecord -- 2194
03-21 14:29:28.569   779   951 I ActivityManager: Start proc 2754:com.google.android.gms.wearable/u0a8 for service com.google.android.gms/.wearable.service.WearableService
03-21 14:29:28.593   779   951 I BroadcastQueue: Delay finish: com.google.android.gm/.MailIntentReceiver
