--------- beginning of system
05-26 16:34:26.261   148   148 I vold    : Vold 3.0 (the awakening) firing up
05-26 16:34:26.261   148   148 V vold    : Detected support for: ext4 vfat
03-21 14:29:06.083   779   779 I InstallerConnection: connecting...
03-21 14:29:06.107   779   779 I InstallerConnection: disconnecting...
03-21 14:29:06.186   779   779 I SystemServer: Entered the Android system server!
03-21 14:29:06.258   779   779 I SystemServiceManager: Starting com.android.server.pm.Installer
03-21 14:29:06.264   779   779 I Installer: Waiting for installd to be ready.
03-21 14:29:06.264   779   779 I InstallerConnection: connecting...
03-21 14:29:06.264   779   779 I SystemServiceManager: Starting com.android.server.am.ActivityManagerService$Lifecycle
03-21 14:29:06.302   779   779 I ActivityManager: Memory class: 192
03-21 14:29:06.325   779   779 D BatteryStatsImpl: Reading daily items from /data/system/batterystats-daily.xml
03-21 14:29:06.429   779   779 I IntentFirewall: Read new rules (A:0 B:0 S:0)
03-21 14:29:06.444   779   779 D AppOps  : AppOpsService published
03-21 14:29:06.444   779   779 I SystemServiceManager: Starting com.android.server.power.PowerManagerService
03-21 14:29:06.463   779   779 I SystemServiceManager: Starting com.android.server.lights.LightsService
03-21 14:29:06.467   779   779 I SystemServiceManager: Starting com.android.server.display.DisplayManagerService
03-21 14:29:06.473   779   779 I SystemServiceManager: Starting phase 100
03-21 14:29:06.483   779   797 I DisplayManagerService: Display device added: DisplayDeviceInfo{"Built-in Screen": uniqueId="local:0", 1080 x 1920, modeId 1, defaultModeId 1, supportedModes [{id=1, width=1080, height=1920, fps=60.0}], colorTransformId 1, defaultColorTransformId 1, supportedColorTransforms [{id=1, colorTransform=0}], density 480, 442.451 x 443.345 dpi, appVsyncOff 7500000, presDeadline 12666667, touch INTERNAL, rotation 0, type BUILT_IN, state UNKNOWN, FLAG_DEFAULT_DISPLAY, FLAG_ROTATES_WITH_CONTENT, FLAG_SECURE, FLAG_SUPPORTS_PROTECTED_BUFFERS}
03-21 14:29:06.485   779   779 I SystemServer: Package Manager
03-21 14:29:06.485   779   797 I DisplayManagerService: Display device changed state: "Built-in Screen", ON
03-21 14:29:06.594   779   779 D SELinuxMMAC: Using policy file /system/etc/security/mac_permissions.xml
03-21 14:29:06.802   779   779 W PackageManager: Library not found: /system/framework/org.apache.http.legacy.jar
03-21 14:29:06.937   779   779 W PackageManager: Failed to parse /system/framework/oat: Missing base APK in /system/framework/oat
03-21 14:29:06.937   779   779 W PackageManager: Failed to parse /system/framework/arm: Missing base APK in /system/framework/arm
03-21 14:29:06.940   779   779 W PackageManager: Failed to parse /system/priv-app/AndroidForWork: Missing base APK in /system/priv-app/AndroidForWork
03-21 14:29:07.014   779   779 W PackageManager: Permission android.permission.DOWNLOAD_WITHOUT_NOTIFICATION from package com.android.providers.downloads in an unknown group android.permission-group.NETWORK
03-21 14:29:07.092   779   779 W PackageParser: No actions in intent filter at /system/priv-app/GoogleContacts/GoogleContacts.apk Binary XML file line #390
03-21 14:29:07.139   779   779 W PackageParser: No actions in intent filter at /system/priv-app/GoogleDialer/GoogleDialer.apk Binary XML file line #191
03-21 14:29:07.160   779   779 W PackageParser: Unknown element under <manifest>: uses-library at /system/priv-app/GoogleFeedback/GoogleFeedback.apk Binary XML file line #30
03-21 14:29:07.217   779   779 W PackageParser: Ignoring duplicate uses-permissions/uses-permissions-sdk-m: com.google.android.providers.gsf.permission.READ_GSERVICES in package: com.google.android.partnersetup at: Binary XML file line #31
03-21 14:29:07.268   779   779 W PackageManager: Permission com.google.android.googleapps.permission.GOOGLE_AUTH from package com.google.android.gsf in an unknown group android.permission-group.ACCOUNTS
03-21 14:29:07.269   779   779 W PackageManager: Permission com.google.android.googleapps.permission.GOOGLE_AUTH.ALL_SERVICES from package com.google.android.gsf in an unknown group android.permission-group.ACCOUNTS
03-21 14:29:07.269   779   779 W PackageManager: Permission com.google.android.googleapps.permission.GOOGLE_AUTH.OTHER_SERVICES from package com.google.android.gsf in an unknown group android.permission-group.ACCOUNTS
03-21 14:29:07.269   779   779 W PackageManager: Permission com.google.android.googleapps.permission.GOOGLE_AUTH.mail from package com.google.android.gsf in an unknown group android.permission-group.ACCOUNTS
03-21 14:29:07.270   779   779 W PackageManager: Permission com.google.android.googleapps.permission.GOOGLE_AUTH.cl from package com.google.android.gsf in an unknown group android.permission-group.ACCOUNTS
03-21 14:29:07.270   779   779 W PackageManager: Permission com.google.android.googleapps.permission.GOOGLE_AUTH.android from package com.google.android.gsf in an unknown group android.permission-group.ACCOUNTS
03-21 14:29:07.270   779   779 W PackageManager: Permission com.google.android.googleapps.permission.GOOGLE_AUTH.androidsecure from package com.google.android.gsf in an unknown group android.permission-group.ACCOUNTS
03-21 14:29:07.270   779   779 W PackageManager: Permission com.google.android.googleapps.permission.GOOGLE_AUTH.sierra from package com.google.android.gsf in an unknown group android.permission-group.ACCOUNTS
03-21 14:29:07.270   779   779 W PackageManager: Permission com.google.android.googleapps.permission.GOOGLE_AUTH.sierraqa from package com.google.android.gsf in an unknown group android.permission-group.ACCOUNTS
03-21 14:29:07.270   779   779 W PackageManager: Permission com.google.android.googleapps.permission.GOOGLE_AUTH.sierrasandbox from package com.google.android.gsf in an unknown group android.permission-group.ACCOUNTS
03-21 14:29:07.270   779   779 W PackageManager: Permission com.google.android.googleapps.permission.GOOGLE_AUTH.youtube from package com.google.android.gsf in an unknown group android.permission-group.ACCOUNTS
03-21 14:29:07.270   779   779 W PackageManager: Permission com.google.android.googleapps.permission.GOOGLE_AUTH.YouTubeUser from package com.google.android.gsf in an unknown group android.permission-group.ACCOUNTS
03-21 14:29:07.270   779   779 W PackageManager: Permission com.google.android.googleapps.permission.GOOGLE_AUTH.talk from package com.google.android.gsf in an unknown group android.permission-group.ACCOUNTS
03-21 14:29:07.270   779   779 W PackageManager: Permission com.google.android.googleapps.permission.GOOGLE_AUTH.ig from package com.google.android.gsf in an unknown group android.permission-group.ACCOUNTS
03-21 14:29:07.270   779   779 W PackageManager: Permission com.google.android.googleapps.permission.GOOGLE_AUTH.lh2 from package com.google.android.gsf in an unknown group android.permission-group.ACCOUNTS
03-21 14:29:07.270   779   779 W PackageManager: Permission com.google.android.googleapps.permission.GOOGLE_AUTH.mobile from package com.google.android.gsf in an unknown group android.permission-group.ACCOUNTS
03-21 14:29:07.270   779   779 W PackageManager: Permission com.google.android.googleapps.permission.GOOGLE_AUTH.cp from package com.google.android.gsf in an unknown group android.permission-group.ACCOUNTS
03-21 14:29:07.270   779   779 W PackageManager: Permission com.google.android.googleapps.permission.GOOGLE_AUTH.adsense from package com.google.android.gsf in an unknown group android.permission-group.ACCOUNTS
03-21 14:29:07.270   779   779 W PackageManager: Permission com.google.android.googleapps.permission.GOOGLE_AUTH.adwords from package com.google.android.gsf in an unknown group android.permission-group.ACCOUNTS
03-21 14:29:07.270   779   779 W PackageManager: Permission com.google.android.googleapps.permission.GOOGLE_AUTH.blogger from package com.google.android.gsf in an unknown group android.permission-group.ACCOUNTS
03-21 14:29:07.270   779   779 W PackageManager: Permission com.google.android.googleapps.permission.GOOGLE_AUTH.dodgeball from package com.google.android.gsf in an unknown group android.permission-group.ACCOUNTS
03-21 14:29:07.270   779   779 W PackageManager: Permission com.google.android.googleapps.permission.GOOGLE_AUTH.gbase from package com.google.android.gsf in an unknown group android.permission-group.ACCOUNTS
03-21 14:29:07.270   779   779 W PackageManager: Permission com.google.android.googleapps.permission.GOOGLE_AUTH.groups2 from package com.google.android.gsf in an unknown group android.permission-group.ACCOUNTS
03-21 14:29:07.270   779   779 W PackageManager: Permission com.google.android.googleapps.permission.GOOGLE_AUTH.health from package com.google.android.gsf in an unknown group android.permission-group.ACCOUNTS
03-21 14:29:07.271   779   779 W PackageManager: Permission com.google.android.googleapps.permission.GOOGLE_AUTH.jotspot from package com.google.android.gsf in an unknown group android.permission-group.ACCOUNTS
03-21 14:29:07.271   779   779 W PackageManager: Permission com.google.android.googleapps.permission.GOOGLE_AUTH.knol from package com.google.android.gsf in an unknown group android.permission-group.ACCOUNTS
03-21 14:29:07.271   779   779 W PackageManager: Permission com.google.android.googleapps.permission.GOOGLE_AUTH.news from package com.google.android.gsf in an unknown group android.permission-group.ACCOUNTS
03-21 14:29:07.271   779   779 W PackageManager: Permission com.google.android.googleapps.permission.GOOGLE_AUTH.orkut from package com.google.android.gsf in an unknown group android.permission-group.ACCOUNTS
03-21 14:29:07.271   779   779 W PackageManager: Permission com.google.android.googleapps.permission.GOOGLE_AUTH.print from package com.google.android.gsf in an unknown group android.permission-group.ACCOUNTS
03-21 14:29:07.271   779   779 W PackageManager: Permission com.google.android.googleapps.permission.GOOGLE_AUTH.sitemaps from package com.google.android.gsf in an unknown group android.permission-group.ACCOUNTS
03-21 14:29:07.271   779   779 W PackageManager: Permission com.google.android.googleapps.permission.GOOGLE_AUTH.wifi from package com.google.android.gsf in an unknown group android.permission-group.ACCOUNTS
03-21 14:29:07.271   779   779 W PackageManager: Permission com.google.android.googleapps.permission.GOOGLE_AUTH.finance from package com.google.android.gsf in an unknown group android.permission-group.ACCOUNTS
03-21 14:29:07.271   779   779 W PackageManager: Permission com.google.android.googleapps.permission.GOOGLE_AUTH.local from package com.google.android.gsf in an unknown group android.permission-group.ACCOUNTS
03-21 14:29:07.271   779   779 W PackageManager: Permission com.google.android.googleapps.permission.GOOGLE_AUTH.ah from package com.google.android.gsf in an unknown group android.permission-group.ACCOUNTS
03-21 14:29:07.271   779   779 W PackageManager: Permission com.google.android.googleapps.permission.GOOGLE_AUTH.notebook from package com.google.android.gsf in an unknown group android.permission-group.ACCOUNTS
03-21 14:29:07.271   779   779 W PackageManager: Permission com.google.android.googleapps.permission.GOOGLE_AUTH.writely from package com.google.android.gsf in an unknown group android.permission-group.ACCOUNTS
03-21 14:29:07.271   779   779 W PackageManager: Permission com.google.android.googleapps.permission.GOOGLE_AUTH.wise from package com.google.android.gsf in an unknown group android.permission-group.ACCOUNTS
03-21 14:29:07.271   779   779 W PackageManager: Permission com.google.android.googleapps.permission.GOOGLE_AUTH.grandcentral from package com.google.android.gsf in an unknown group android.permission-group.ACCOUNTS
03-21 14:29:07.271   779   779 W PackageManager: Permission com.google.android.googleapps.permission.GOOGLE_AUTH.speechpersonalization from package com.google.android.gsf in an unknown group android.permission-group.ACCOUNTS
03-21 14:29:07.271   779   779 W PackageManager: Permission com.google.android.googleapps.permission.GOOGLE_AUTH.speech from package com.google.android.gsf in an unknown group android.permission-group.ACCOUNTS
03-21 14:29:07.271   779   779 W PackageManager: Permission com.google.android.providers.talk.permission.READ_ONLY from package com.google.android.gsf in an unknown group android.permission-group.MESSAGES
03-21 14:29:07.271   779   779 W PackageManager: Permission com.google.android.providers.talk.permission.WRITE_ONLY from package com.google.android.gsf in an unknown group android.permission-group.MESSAGES
03-21 14:29:07.271   779   779 W PackageManager: Permission com.google.android.gtalkservice.permission.GTALK_SERVICE from package com.google.android.gsf in an unknown group android.permission-group.MESSAGES
03-21 14:29:07.271   779   779 W PackageManager: Permission com.google.android.gtalkservice.permission.SEND_HEARTBEAT from package com.google.android.gsf in an unknown group android.permission-group.NETWORK
03-21 14:29:07.271   779   779 W PackageManager: Permission com.google.android.permission.BROADCAST_DATA_MESSAGE from package com.google.android.gsf in an unknown group android.permission-group.NETWORK
03-21 14:29:07.272   779   779 W PackageManager: Permission com.google.android.c2dm.permission.SEND from package com.google.android.gsf in an unknown group android.permission-group.NETWORK
03-21 14:29:07.272   779   779 W PackageManager: Permission com.google.android.c2dm.permission.RECEIVE from package com.google.android.gsf in an unknown group android.permission-group.NETWORK
03-21 14:29:07.272   779   779 W PackageManager: Permission com.google.android.xmpp.permission.BROADCAST from package com.google.android.gsf in an unknown group android.permission-group.NETWORK
03-21 14:29:07.272   779   779 W PackageManager: Permission com.google.android.xmpp.permission.SEND_RECEIVE from package com.google.android.gsf in an unknown group android.permission-group.NETWORK
03-21 14:29:07.272   779   779 W PackageManager: Permission com.google.android.xmpp.permission.XMPP_ENDPOINT_BROADCAST from package com.google.android.gsf in an unknown group android.permission-group.NETWORK
03-21 14:29:07.272   779   779 W PackageManager: Permission com.google.android.xmpp.permission.USE_XMPP_ENDPOINT from package com.google.android.gsf in an unknown group android.permission-group.NETWORK
03-21 14:29:07.272   779   779 W PackageManager: Permission com.google.android.providers.gsf.permission.READ_GSERVICES from package com.google.android.gsf in an unknown group android.permission-group.ACCOUNTS
03-21 14:29:07.273   779   779 W PackageManager: Failed to parse /system/priv-app/Hangouts: Missing base APK in /system/priv-app/Hangouts
03-21 14:29:07.287   779   779 W PackageManager: Failed to parse /system/priv-app/Launcher2: Missing base APK in /system/priv-app/Launcher2
03-21 14:29:07.437   779   779 W PackageManager: Permission com.android.vending.CHECK_LICENSE from package com.android.vending in an unknown group android.permission-group.NETWORK
03-21 14:29:07.437   779   779 W PackageManager: Permission com.android.vending.BILLING from package com.android.vending in an unknown group android.permission-group.NETWORK
03-21 14:29:07.612   779   779 W PackageParser: Ignoring duplicate uses-permissions/uses-permissions-sdk-m: android.permission.SYSTEM_ALERT_WINDOW in package: com.google.android.gms at: Binary XML file line #77
03-21 14:29:07.612   779   779 W PackageParser: Ignoring duplicate uses-permissions/uses-permissions-sdk-m: android.permission.SUBSCRIBED_FEEDS_READ in package: com.google.android.gms at: Binary XML file line #90
03-21 14:29:07.612   779   779 W PackageParser: Ignoring duplicate uses-permissions/uses-permissions-sdk-m: android.permission.SUBSCRIBED_FEEDS_WRITE in package: com.google.android.gms at: Binary XML file line #91
03-21 14:29:07.612   779   779 W PackageParser: Ignoring duplicate uses-permissions/uses-permissions-sdk-m: android.permission.WRITE_SETTINGS in package: com.google.android.gms at: Binary XML file line #134
03-21 14:29:07.613   779   779 W PackageParser: Ignoring duplicate uses-permissions/uses-permissions-sdk-m: android.permission.SYSTEM_ALERT_WINDOW in package: com.google.android.gms at: Binary XML file line #160
03-21 14:29:07.613   779   779 W PackageParser: Ignoring duplicate uses-permissions/uses-permissions-sdk-m: android.permission.READ_SYNC_SETTINGS in package: com.google.android.gms at: Binary XML file line #164
03-21 14:29:07.613   779   779 W PackageParser: Ignoring duplicate uses-permissions/uses-permissions-sdk-m: android.permission.WRITE_SYNC_SETTINGS in package: com.google.android.gms at: Binary XML file line #165
03-21 14:29:07.613   779   779 W PackageParser: Ignoring duplicate uses-permissions/uses-permissions-sdk-m: android.permission.VIBRATE in package: com.google.android.gms at: Binary XML file line #167
03-21 14:29:07.613   779   779 W PackageParser: Ignoring duplicate uses-permissions/uses-permissions-sdk-m: android.permission.VIBRATE in package: com.google.android.gms at: Binary XML file line #209
03-21 14:29:07.613   779   779 W PackageParser: Ignoring duplicate uses-permissions/uses-permissions-sdk-m: android.permission.ACCESS_FINE_LOCATION in package: com.google.android.gms at: Binary XML file line #224
03-21 14:29:07.613   779   779 W PackageParser: Ignoring duplicate uses-permissions/uses-permissions-sdk-m: android.permission.OBSERVE_GRANT_REVOKE_PERMISSIONS in package: com.google.android.gms at: Binary XML file line #230
03-21 14:29:07.614   779   779 W PackageParser: Ignoring duplicate uses-permissions/uses-permissions-sdk-m: android.permission.READ_CONTACTS in package: com.google.android.gms at: Binary XML file line #268
03-21 14:29:07.614   779   779 W PackageParser: Ignoring duplicate uses-permissions/uses-permissions-sdk-m: android.permission.WRITE_SETTINGS in package: com.google.android.gms at: Binary XML file line #300
03-21 14:29:07.614   779   779 W PackageParser: Ignoring duplicate uses-permissions/uses-permissions-sdk-m: android.permission.CAPTURE_AUDIO_OUTPUT in package: com.google.android.gms at: Binary XML file line #315
03-21 14:29:07.614   779   779 W PackageParser: Ignoring duplicate uses-permissions/uses-permissions-sdk-m: android.permission.CAPTURE_VIDEO_OUTPUT in package: com.google.android.gms at: Binary XML file line #316
03-21 14:29:07.742   779   779 W PackageManager: Permission com.google.android.gms.permission.ACTIVITY_RECOGNITION from package com.google.android.gms in an unknown group android.permission-group.PERSONAL_INFO
03-21 14:29:07.836   779   779 W PackageParser: Ignoring duplicate uses-permissions/uses-permissions-sdk-m: android.permission.USE_CREDENTIALS in package: com.android.settings at: Binary XML file line #55
03-21 14:29:07.836   779   779 W PackageParser: Ignoring duplicate uses-permissions/uses-permissions-sdk-m: android.permission.READ_SYNC_SETTINGS in package: com.android.settings at: Binary XML file line #60
03-21 14:29:07.836   779   779 W PackageParser: Ignoring duplicate uses-permissions/uses-permissions-sdk-m: android.permission.WRITE_SYNC_SETTINGS in package: com.android.settings at: Binary XML file line #61
03-21 14:29:07.912   779   779 W PackageParser: No actions in intent filter at /system/priv-app/SetupWizard/SetupWizard.apk Binary XML file line #184
03-21 14:29:07.939   779   779 W PackageParser: Ignoring duplicate uses-permissions/uses-permissions-sdk-m: android.permission.INSTALL_GRANT_RUNTIME_PERMISSIONS in package: com.android.shell at: Binary XML file line #101
03-21 14:29:07.970   779   779 W PackageParser: Ignoring duplicate uses-permissions/uses-permissions-sdk-m: android.permission.CONFIGURE_WIFI_DISPLAY in package: com.android.systemui at: Binary XML file line #120
03-21 14:29:08.204   779   779 W PackageManager: Permission com.google.android.launcher.permission.READ_SETTINGS from package com.google.android.googlequicksearchbox in an unknown group android.permission-group.SYSTEM_TOOLS
03-21 14:29:08.204   779   779 W PackageManager: Permission com.google.android.launcher.permission.WRITE_SETTINGS from package com.google.android.googlequicksearchbox in an unknown group android.permission-group.SYSTEM_TOOLS
03-21 14:29:08.204   779   779 W PackageManager: Permission com.android.launcher.permission.INSTALL_SHORTCUT from package com.google.android.googlequicksearchbox in an unknown group android.permission-group.SYSTEM_TOOLS
03-21 14:29:08.213   779   779 W PackageManager: Failed to parse /system/priv-app/Wallet: Missing base APK in /system/priv-app/Wallet
03-21 14:29:08.289   779   779 W PackageParser: No actions in intent filter at /system/priv-app/OmaDmclient/OmaDmclient.apk Binary XML file line #31
03-21 14:29:08.289   779   779 W PackageParser: No actions in intent filter at /system/priv-app/OmaDmclient/OmaDmclient.apk Binary XML file line #41
03-21 14:29:08.292   779   779 W PackageParser: Ignoring duplicate uses-permissions/uses-permissions-sdk-m: android.permission.ACCESS_NETWORK_STATE in package: com.redbend.vdmc at: Binary XML file line #301
03-21 14:29:08.293   779   779 W PackageParser: Ignoring duplicate uses-permissions/uses-permissions-sdk-m: android.permission.SYSTEM_ALERT_WINDOW in package: com.redbend.vdmc at: Binary XML file line #331
03-21 14:29:08.312   779   779 W PackageParser: Ignoring duplicate uses-permissions/uses-permissions-sdk-m: android.permission.WRITE_SETTINGS in package: com.lge.SprintHiddenMenu at: Binary XML file line #29
03-21 14:29:08.312   779   779 W PackageParser: Ignoring duplicate uses-permissions/uses-permissions-sdk-m: android.permission.WRITE_SECURE_SETTINGS in package: com.lge.SprintHiddenMenu at: Binary XML file line #30
03-21 14:29:08.366   779   779 W PackageParser: Ignoring duplicate uses-permissions/uses-permissions-sdk-m: android.permission.READ_CONTACTS in package: com.android.bluetooth at: Binary XML file line #58
03-21 14:29:08.369   779   779 W PackageParser: No actions in intent filter at /system/app/Bluetooth/Bluetooth.apk Binary XML file line #216
03-21 14:29:08.442   779   779 W PackageManager: Failed to parse /system/app/BrowserProviderProxy: Missing base APK in /system/app/BrowserProviderProxy
03-21 14:29:08.443   779   779 W PackageManager: Failed to parse /system/app/Calculator: Missing base APK in /system/app/Calculator
03-21 14:29:08.610   779   779 W PackageManager: Permission com.android.chrome.permission.DEBUG from package com.android.chrome in an unknown group android.permission-group.DEVELOPMENT_TOOLS
03-21 14:29:08.650   779   779 W PackageManager: Failed to parse /system/app/ConfigUpdater: Missing base APK in /system/app/ConfigUpdater
03-21 14:29:08.684   779   779 W PackageManager: Failed to parse /system/app/DeskClockGoogle: Missing base APK in /system/app/DeskClockGoogle
03-21 14:29:08.780   779   779 W PackageManager: Permission com.google.android.apps.docs.permission.READ_MY_DATA from package com.google.android.apps.docs in an unknown group android.permission-group.PERSONAL_INFO
03-21 14:29:08.780   779   779 W PackageManager: Permission com.google.android.apps.docs.permission.SYNC_STATUS from package com.google.android.apps.docs in an unknown group android.permission-group.PERSONAL_INFO
03-21 14:29:08.780   779   779 W PackageManager: Failed to parse /system/app/EditorsDocs: Missing base APK in /system/app/EditorsDocs
03-21 14:29:08.781   779   779 W PackageManager: Failed to parse /system/app/EditorsSheets: Missing base APK in /system/app/EditorsSheets
03-21 14:29:08.781   779   779 W PackageManager: Failed to parse /system/app/EditorsSlides: Missing base APK in /system/app/EditorsSlides
03-21 14:29:08.841   779   779 W PackageParser: No actions in intent filter at /system/app/FitnessPrebuilt/FitnessPrebuilt.apk Binary XML file line #202
03-21 14:29:08.925   779   779 W PackageManager: Failed to parse /system/app/GoogleEarth: Missing base APK in /system/app/GoogleEarth
03-21 14:29:09.305   779   779 W PackageParser: Ignoring duplicate uses-permissions/uses-permissions-sdk-m: android.permission.WAKE_LOCK in package: com.google.android.apps.maps at: Binary XML file line #95
03-21 14:29:09.639   779   779 W PackageManager: Failed to parse /system/app/Newsstand: No packages found in split
03-21 14:29:09.647   779   779 W PackageParser: Ignoring duplicate uses-permissions/uses-permissions-sdk-m: android.permission.CHANGE_WIFI_STATE in package: com.android.nfc at: Binary XML file line #47
03-21 14:29:09.647   779   779 W PackageParser: Ignoring duplicate uses-permissions/uses-permissions-sdk-m: android.permission.ACCESS_WIFI_STATE in package: com.android.nfc at: Binary XML file line #48
03-21 14:29:09.657   779   779 W PackageManager: Failed to parse /system/app/OmaDmclient: No packages found in split
03-21 14:29:09.665   779   779 W PackageManager: Failed to parse /system/app/PackageInstaller: Missing base APK in /system/app/PackageInstaller
03-21 14:29:09.726   779   779 W PackageParser: Problem in package /system/app/Photos/Photos.apk:
03-21 14:29:09.726   779   779 W PackageParser: Unknown element under <activity>: category at /system/app/Photos/Photos.apk Binary XML file line #649
03-21 14:29:09.757   779   779 W PackageManager: Permission com.google.android.apps.photos.permission.GOOGLE_PHOTOS_PROVIDER from package com.google.android.apps.photos in an unknown group android.permission-group.PERSONAL_INFO
03-21 14:29:09.833   779   779 W PackageParser: Unknown element under <activity-alias>: category at /system/app/PlusOne/PlusOne.apk Binary XML file line #35
03-21 14:29:09.841   779   779 W PackageManager: Failed to parse /system/app/PrebuiltEmailGoogle: No packages found in split
03-21 14:29:09.947   779   779 W PackageManager: Permission com.google.android.gm.email.permission.READ_ATTACHMENT from package com.google.android.gm in an unknown group android.permission-group.MESSAGES
03-21 14:29:09.947   779   779 W PackageManager: Permission com.google.android.gm.permission.READ_GMAIL from package com.google.android.gm in an unknown group android.permission-group.MESSAGES
03-21 14:29:09.947   779   779 W PackageManager: Permission com.google.android.gm.permission.WRITE_GMAIL from package com.google.android.gm in an unknown group android.permission-group.MESSAGES
03-21 14:29:09.947   779   779 W PackageManager: Permission com.google.android.gm.permission.AUTO_SEND from package com.google.android.gm in an unknown group android.permission-group.MESSAGES
03-21 14:29:09.947   779   779 W PackageManager: Permission com.google.android.gm.permission.READ_CONTENT_PROVIDER from package com.google.android.gm in an unknown group android.permission-group.MESSAGES
03-21 14:29:09.948   779   779 W PackageManager: Failed to parse /system/app/PrebuiltKeep: No packages found in split
03-21 14:29:09.994   779   779 W PackageManager: Failed to parse /system/app/SprintHiddenMenu: No packages found in split
03-21 14:29:10.017   779   779 W PackageManager: Failed to parse /system/app/Street: No packages found in split
03-21 14:29:10.071   779   779 W PackageParser: Ignoring duplicate uses-permissions/uses-permissions-sdk-m: android.permission.READ_PHONE_STATE in package: com.google.android.videos at: Binary XML file line #7
03-21 14:29:10.194   779   779 W PackageParser: Unknown element under <application>: uses-permission at /system/app/shutdownlistener/shutdownlistener.apk Binary XML file line #11
03-21 14:29:10.335   779   779 W PackageParser: Ignoring duplicate uses-permissions/uses-permissions-sdk-m: android.permission.INTERNET in package: com.google.android.talk at: Binary XML file line #161
03-21 14:29:10.335   779   779 W PackageParser: Ignoring duplicate uses-permissions/uses-permissions-sdk-m: android.permission.USE_CREDENTIALS in package: com.google.android.talk at: Binary XML file line #164
03-21 14:29:10.335   779   779 W PackageParser: Ignoring duplicate uses-permissions/uses-permissions-sdk-m: android.permission.ACCESS_NETWORK_STATE in package: com.google.android.talk at: Binary XML file line #166
03-21 14:29:10.542   779   779 W PackageManager: Package com.google.android.gms desires unavailable shared library com.google.android.ble; ignoring!
03-21 14:29:10.542   779   779 W PackageManager: Package com.google.android.GoogleCamera desires unavailable shared library com.google.android.gestureservice; ignoring!
03-21 14:29:10.542   779   779 I PackageManager: Adjusting ABI for : com.google.android.gsf to armeabi-v7a
03-21 14:29:10.544   779   779 I PackageManager: Adjusting ABI for : com.google.android.gsf.login to armeabi-v7a
03-21 14:29:10.545   779   779 I PackageManager: Adjusting ABI for : com.google.android.backuptransport to armeabi-v7a
03-21 14:29:10.545   779   779 I PackageManager: Adjusting ABI for : com.lge.SprintHiddenMenu to armeabi-v7a
03-21 14:29:10.545   779   779 I PackageManager: Adjusting ABI for : com.android.inputdevices to armeabi-v7a
03-21 14:29:10.545   779   779 I PackageManager: Adjusting ABI for : com.android.keychain to armeabi-v7a
03-21 14:29:10.545   779   779 I PackageManager: Adjusting ABI for : com.android.settings to armeabi-v7a
03-21 14:29:10.546   779   779 I PackageManager: Adjusting ABI for : com.android.location.fused to armeabi-v7a
03-21 14:29:10.546   779   779 I PackageManager: Adjusting ABI for : com.android.providers.settings to armeabi-v7a
03-21 14:29:10.546   779   779 I PackageManager: Adjusting ABI for : com.android.server.telecom to armeabi-v7a
03-21 14:29:10.549   779   779 I PackageManager: Time to scan packages: 3.792 seconds
03-21 14:29:10.549   779   779 W PackageManager: Not granting permission android.permission.MANAGE_DOCUMENTS to package com.google.android.youtube (protectionLevel=2 flags=0x38583e45)
03-21 14:29:10.550   779   779 W PackageManager: Not granting permission com.google.android.googleapps.permission.GOOGLE_AUTH to package com.google.android.youtube (protectionLevel=2 flags=0x38583e45)
03-21 14:29:10.550   779   779 W PackageManager: Not granting permission com.google.android.googleapps.permission.GOOGLE_AUTH.youtube to package com.google.android.youtube (protectionLevel=2 flags=0x38583e45)
03-21 14:29:10.550   779   779 W PackageManager: Not granting permission com.google.android.googleapps.permission.GOOGLE_AUTH.YouTubeUser to package com.google.android.youtube (protectionLevel=2 flags=0x38583e45)
03-21 14:29:10.550   779   779 W PackageManager: Unknown permission com.google.android.voicesearch.SHORTCUTS_ACCESS in package com.google.android.googlequicksearchbox
03-21 14:29:10.550   779   779 W PackageManager: Unknown permission com.google.android.voicesearch.ACCESS_SETTINGS in package com.google.android.googlequicksearchbox
03-21 14:29:10.550   779   779 W PackageManager: Unknown permission com.android.browser.permission.PRELOAD in package com.google.android.googlequicksearchbox
03-21 14:29:10.550   779   779 W PackageManager: Unknown permission com.google.android.ears.permission.WRITE in package com.google.android.googlequicksearchbox
03-21 14:29:10.550   779   779 W PackageManager: Unknown permission com.google.android.apps.googlevoice.permission.AUTO_SEND in package com.google.android.googlequicksearchbox
03-21 14:29:10.550   779   779 W PackageManager: Unknown permission com.android.chrome.PRERENDER_URL in package com.google.android.googlequicksearchbox
03-21 14:29:10.550   779   779 W PackageManager: Not granting permission com.google.android.googleapps.permission.GOOGLE_AUTH to package com.android.providers.calendar (protectionLevel=2 flags=0x30083e45)
03-21 14:29:10.550   779   779 W PackageManager: Not granting permission com.google.android.googleapps.permission.GOOGLE_AUTH.cl to package com.android.providers.calendar (protectionLevel=2 flags=0x30083e45)
03-21 14:29:10.551   779   779 W PackageManager: Not granting permission android.permission.WRITE_SECURE_SETTINGS to package com.google.android.apps.enterprise.dmagent (protectionLevel=50 flags=0x38083e05)
03-21 14:29:10.551   779   779 W PackageManager: Not granting permission android.permission.CONNECTIVITY_INTERNAL to package com.google.android.apps.enterprise.dmagent (protectionLevel=18 flags=0x38083e05)
03-21 14:29:10.551   779   779 W PackageManager: Not granting permission android.permission.MANAGE_USB to package com.google.android.apps.enterprise.dmagent (protectionLevel=18 flags=0x38083e05)
03-21 14:29:10.551   779   779 W PackageManager: Not granting permission android.permission.CHANGE_COMPONENT_ENABLED_STATE to package com.google.android.apps.enterprise.dmagent (protectionLevel=18 flags=0x38083e05)
03-21 14:29:10.551   779   779 W PackageManager: Not granting permission android.permission.MANAGE_CA_CERTIFICATES to package com.google.android.apps.enterprise.dmagent (protectionLevel=18 flags=0x38083e05)
03-21 14:29:10.551   779   779 W PackageManager: Not granting permission android.permission.MANAGE_USERS to package com.google.android.apps.enterprise.dmagent (protectionLevel=18 flags=0x38083e05)
03-21 14:29:10.551   779   779 W PackageManager: Not granting permission android.permission.SEND_DOWNLOAD_COMPLETED_INTENTS to package com.android.vending (protectionLevel=2 flags=0x384abe45)
03-21 14:29:10.551   779   779 W PackageManager: Unknown permission android.permission.SEND_SMS_NO_CONFIRMATION in package com.android.vending
03-21 14:29:10.551   779   779 I PackageManager: Un-granting permission android.permission.INSTALL_GRANT_RUNTIME_PERMISSIONS from package com.android.vending (protectionLevel=770 flags=0x384abe45)
03-21 14:29:10.551   779   779 I PackageManager: Un-granting permission android.permission.GRANT_RUNTIME_PERMISSIONS from package com.android.vending (protectionLevel=770 flags=0x384abe45)
03-21 14:29:10.551   779   779 I PackageManager: Un-granting permission android.permission.REVOKE_RUNTIME_PERMISSIONS from package com.android.vending (protectionLevel=770 flags=0x384abe45)
03-21 14:29:10.551   779   779 W PackageManager: Unknown permission com.sprint.internal.permission.SYSTEMPROPERTIES in package com.lge.SprintHiddenMenu
03-21 14:29:10.551   779   779 W PackageManager: Unknown permission com.sprint.internal.permission.SYSTEMPROPERTIES_WRITE in package com.lge.SprintHiddenMenu
03-21 14:29:10.551   779   779 W PackageManager: Unknown permission com.sprint.internal.permission.CONNECTIONMANAGER in package com.lge.SprintHiddenMenu
03-21 14:29:10.551   779   779 W PackageManager: Unknown permission com.sprint.internal.permission.PLATFORM in package com.lge.SprintHiddenMenu
03-21 14:29:10.552   779   779 W PackageManager: Unknown permission com.sprint.internal.permission.OMADM in package com.lge.SprintHiddenMenu
03-21 14:29:10.552   779   779 W PackageManager: Unknown permission android.permission.FACTORY in package com.lge.SprintHiddenMenu
03-21 14:29:10.552   779   779 W PackageManager: Unknown permission com.lge.permission.LGHIDDEN in package com.lge.SprintHiddenMenu
03-21 14:29:10.552   779   779 W PackageManager: Unknown permission android.permission.MMS_PUSH in package com.lge.SprintHiddenMenu
03-21 14:29:10.552   779   779 W PackageManager: Unknown permission android.permission.NFC_UNLOCK in package com.android.nfc
03-21 14:29:10.552   779   779 W PackageManager: Unknown permission com.android.launcher.permission.READ_SETTINGS in package com.google.android.launcher
03-21 14:29:10.552   779   779 W PackageManager: Unknown permission com.android.launcher.permission.WRITE_SETTINGS in package com.google.android.launcher
03-21 14:29:10.552   779   779 W PackageManager: Unknown permission com.google.android.email.permission.ACCESS_PROVIDER in package com.google.android.gm
03-21 14:29:10.552   779   779 W PackageManager: Unknown permission android.permission.READ_OWNER_DATA in package com.google.android.setupwizard
03-21 14:29:10.552   779   779 W PackageManager: Unknown permission android.permission.WRITE_OWNER_DATA in package com.google.android.setupwizard
03-21 14:29:10.552   779   779 W PackageManager: Unknown permission com.sprint.internal.permission.SYSTEMPROPERTIES in package com.redbend.vdmc
03-21 14:29:10.552   779   779 W PackageManager: Unknown permission com.sprint.internal.permission.SYSTEMPROPERTIES_WRITE in package com.redbend.vdmc
03-21 14:29:10.552   779   779 W PackageManager: Unknown permission com.sprint.internal.permission.CONNECTIONMANAGER in package com.redbend.vdmc
03-21 14:29:10.552   779   779 W PackageManager: Unknown permission com.sprint.internal.permission.PLATFORM in package com.redbend.vdmc
03-21 14:29:10.553   779   779 W PackageManager: Unknown permission android.permission.WRITE_SYNC_STATS in package com.google.android.apps.docs
03-21 14:29:10.553   779   779 W PackageManager: Not granting permission android.permission.CAMERA to package com.harman.ovrsclient because it was previously installed without
03-21 14:29:10.553   779   779 W PackageManager: Unknown permission com.google.android.permission.PROVIDE_BACKGROUND in package com.google.android.apps.fitness
03-21 14:29:10.553   779   779 W PackageManager: Not granting permission android.permission.INTERACT_ACROSS_USERS to package com.google.android.syncadapters.contacts (protectionLevel=50 flags=0x38083e45)
03-21 14:29:10.553   779   779 W PackageManager: Unknown permission com.google.android.gms.permission.CONTACTS_SYNC_DELEGATION in package com.google.android.syncadapters.contacts
03-21 14:29:10.553   779   779 W PackageManager: Unknown permission com.chrome.permission.DEVICE_EXTRAS in package com.android.chrome
03-21 14:29:10.553   779   779 W PackageManager: Unknown permission com.sec.enterprise.knox.MDM_CONTENT_PROVIDER in package com.android.chrome
03-21 14:29:10.553   779   779 I PackageManager: Un-granting permission android.permission.CLEAR_APP_USER_DATA from package com.google.android.packageinstaller (protectionLevel=258 flags=0x38483e45)
03-21 14:29:10.554   779   779 I PackageManager: Un-granting permission android.permission.GRANT_RUNTIME_PERMISSIONS from package com.google.android.packageinstaller (protectionLevel=770 flags=0x38483e45)
03-21 14:29:10.554   779   779 I PackageManager: Un-granting permission android.permission.REVOKE_RUNTIME_PERMISSIONS from package com.google.android.packageinstaller (protectionLevel=770 flags=0x38483e45)
03-21 14:29:10.554   779   779 I PackageManager: Un-granting permission android.permission.INSTALL_GRANT_RUNTIME_PERMISSIONS from package com.google.android.packageinstaller (protectionLevel=770 flags=0x38483e45)
03-21 14:29:10.554   779   779 I PackageManager: Un-granting permission android.permission.INTERACT_ACROSS_USERS_FULL from package com.google.android.packageinstaller (protectionLevel=258 flags=0x38483e45)
03-21 14:29:10.554   779   779 I PackageManager: Un-granting permission android.permission.KILL_UID from package com.google.android.packageinstaller (protectionLevel=258 flags=0x38483e45)
03-21 14:29:10.554   779   779 W PackageManager: Unknown permission com.google.android.wearable.READ_SETTINGS in package com.google.android.gms
03-21 14:29:10.554   779   779 W PackageManager: Not granting permission android.permission.MANAGE_DOCUMENTS to package com.google.android.gms (protectionLevel=2 flags=0xb8483e45)
03-21 14:29:10.554   779   779 W PackageManager: Unknown permission com.android.launcher.permission.PRELOAD_WORKSPACE in package com.google.android.partnersetup
03-21 14:29:10.554   779   779 W PackageManager: Not granting permission com.google.android.googleapps.permission.GOOGLE_AUTH to package com.google.android.videos (protectionLevel=2 flags=0x38583e45)
03-21 14:29:10.554   779   779 W PackageManager: Unknown permission com.google.android.gallery3d.permission.PICASA_STORE in package com.google.android.apps.photos
03-21 14:29:10.555   779   779 W PackageManager: Not granting permission android.permission.CONTROL_KEYGUARD to package com.google.android.gsf.login (protectionLevel=2 flags=0x3048be45)
03-21 14:29:10.555   779   779 W PackageManager: Unknown permission com.android.vending.billing.IBillingAccountService.BIND2 in package com.google.android.gsf.login
03-21 14:29:10.555   779   779 W PackageManager: Unknown permission com.android.launcher.permission.READ_SETTINGS in package com.android.settings
03-21 14:29:10.555   779   779 W PackageManager: Unknown permission com.android.launcher.permission.WRITE_SETTINGS in package com.android.settings
03-21 14:29:10.555   779   779 W PackageManager: Not granting permission android.permission.REGISTER_CONNECTION_MANAGER to package com.google.android.talk (protectionLevel=18 flags=0x3849be45)
03-21 14:29:10.555   779   779 W PackageManager: Unknown permission com.android.smspush.WAPPUSH_MANAGER_BIND in package com.android.phone
03-21 14:29:10.556   779   779 W PackageManager: Unknown permission com.android.gallery3d.permission.GALLERY_PROVIDER in package com.android.bluetooth
03-21 14:29:10.556   779   779 W PackageManager: Not granting permission android.permission.BIND_WALLPAPER to package com.google.android.GoogleCamera (protectionLevel=18 flags=0x38583c45)
03-21 14:29:10.686   779   779 I SystemServer: User Service
03-21 14:29:10.790   779   779 I SystemServiceManager: Starting com.android.server.BatteryService
03-21 14:29:10.813   779   779 I SystemServiceManager: Starting com.android.server.usage.UsageStatsService
03-21 14:29:10.827   779   779 I SystemServiceManager: Starting com.android.server.webkit.WebViewUpdateService
03-21 14:29:10.831   779   779 I SystemServer: Reading configuration...
03-21 14:29:10.831   779   779 I SystemServer: Scheduling Policy
03-21 14:29:10.832   779   779 I SystemServiceManager: Starting com.android.server.telecom.TelecomLoaderService
03-21 14:29:10.835   779   779 I SystemServer: Telephony Registry
03-21 14:29:10.842   779   779 I SystemServer: Entropy Mixer
03-21 14:29:10.853   779   779 I EntropyMixer: Added HW RNG output to entropy pool
03-21 14:29:10.853   779   779 I EntropyMixer: Writing entropy...
03-21 14:29:10.864   779   779 I SystemServer: Camera Service
03-21 14:29:10.864   779   779 I SystemServiceManager: Starting com.android.server.camera.CameraService
03-21 14:29:10.875   779   779 I SystemServer: Account Manager
03-21 14:29:10.885   779   779 I SystemServer: Content Manager
03-21 14:29:10.891   779   779 I SystemServer: System Content Providers
03-21 14:29:10.927   779   779 I SystemServer: Vibrator Service
03-21 14:29:10.931   779   779 I SystemServer: Consumer IR Service
03-21 14:29:10.932   779   779 I SystemServiceManager: Starting com.android.server.AlarmManagerService
03-21 14:29:10.945   779   779 I SystemServer: Init Watchdog
03-21 14:29:10.946   779   779 I SystemServer: Input Manager
03-21 14:29:10.947   779   779 I InputManager: Initializing input manager, mUseDevInputEventForAudioJack=true
03-21 14:29:10.953   779   779 I SystemServer: Window Manager
03-21 14:29:10.977   779   797 I WindowManager: No existing display settings /data/system/display_settings.xml; starting empty
03-21 14:29:11.047   779   779 I InputManager: Starting input manager
03-21 14:29:11.049   779   779 I SystemServer: Bluetooth Service
03-21 14:29:11.049   779   779 I SystemServiceManager: Starting com.android.server.BluetoothService
03-21 14:29:11.059   779   779 I SystemServer: Input Method Service
03-21 14:29:11.109   779   779 I SystemServer: Accessibility Manager
03-21 14:29:11.119   779   779 I ActivityManager: Config changes=1df8 {1.0 ?mcc?mnc en_US ldltr sw360dp w360dp h640dp 480dpi nrml long port ?uimode ?night -touch -keyb/v/h -nav/h s.2}
03-21 14:29:11.138   779   779 I ActivityManager: Config changes=508 {1.0 ?mcc?mnc en_US ldltr sw360dp w360dp h568dp 480dpi nrml port ?uimode ?night finger -keyb/v/h -nav/h s.3}
03-21 14:29:11.142   779   779 I SystemServiceManager: Starting com.android.server.MountService$Lifecycle
03-21 14:29:11.152   779   779 I SystemServiceManager: Starting com.android.server.UiModeManagerService
03-21 14:29:11.154   779   876 D MountService: Thinking about reset, mSystemReady=false, mDaemonConnected=true
03-21 14:29:11.157   779   876 D MountService: Thinking about reset, mSystemReady=false, mDaemonConnected=true
03-21 14:29:11.158   779   876 D CryptdConnector: SND -> {1 cryptfs getfield SystemLocale}
03-21 14:29:11.158   779   779 I ActivityManager: Config changes=200 {1.0 ?mcc?mnc en_US ldltr sw360dp w360dp h568dp 480dpi nrml port finger -keyb/v/h -nav/h s.4}
03-21 14:29:11.160   148   168 I Ext4Crypt: ext4 crypto complete called on /data
03-21 14:29:11.160   148   168 I Ext4Crypt: No master key, so not ext4enc
03-21 14:29:11.160   779   878 D CryptdConnector: RCV <- {200 1 -1}
03-21 14:29:11.163   779   876 W MountService: No primary storage mounted!
03-21 14:29:11.163   779   876 D VoldConnector: SND -> {1 asec list}
03-21 14:29:11.164   779   779 I SystemServer: LockSettingsService
03-21 14:29:11.169   779   791 I UsageStatsService: User[0] Rollover scheduled @ 2018-03-21 20:00:00(1521676800000)
03-21 14:29:11.169   779   877 D VoldConnector: RCV <- {200 1 asec operation succeeded}
03-21 14:29:11.171   779   876 W PackageManager: Not granting permission android.permission.MANAGE_DOCUMENTS to package com.google.android.youtube (protectionLevel=2 flags=0x38583e45)
03-21 14:29:11.171   779   876 W PackageManager: Not granting permission com.google.android.googleapps.permission.GOOGLE_AUTH to package com.google.android.youtube (protectionLevel=2 flags=0x38583e45)
03-21 14:29:11.171   779   876 W PackageManager: Not granting permission com.google.android.googleapps.permission.GOOGLE_AUTH.youtube to package com.google.android.youtube (protectionLevel=2 flags=0x38583e45)
03-21 14:29:11.171   779   876 W PackageManager: Not granting permission com.google.android.googleapps.permission.GOOGLE_AUTH.YouTubeUser to package com.google.android.youtube (protectionLevel=2 flags=0x38583e45)
03-21 14:29:11.172   779   876 W PackageManager: Unknown permission com.google.android.voicesearch.SHORTCUTS_ACCESS in package com.google.android.googlequicksearchbox
03-21 14:29:11.172   779   876 W PackageManager: Unknown permission com.google.android.voicesearch.ACCESS_SETTINGS in package com.google.android.googlequicksearchbox
03-21 14:29:11.172   779   876 W PackageManager: Unknown permission com.android.browser.permission.PRELOAD in package com.google.android.googlequicksearchbox
03-21 14:29:11.172   779   876 W PackageManager: Unknown permission com.google.android.ears.permission.WRITE in package com.google.android.googlequicksearchbox
03-21 14:29:11.172   779   876 W PackageManager: Unknown permission com.google.android.apps.googlevoice.permission.AUTO_SEND in package com.google.android.googlequicksearchbox
03-21 14:29:11.172   779   876 W PackageManager: Unknown permission com.android.chrome.PRERENDER_URL in package com.google.android.googlequicksearchbox
03-21 14:29:11.173   779   876 W PackageManager: Not granting permission com.google.android.googleapps.permission.GOOGLE_AUTH to package com.android.providers.calendar (protectionLevel=2 flags=0x30083e45)
03-21 14:29:11.173   779   876 W PackageManager: Not granting permission com.google.android.googleapps.permission.GOOGLE_AUTH.cl to package com.android.providers.calendar (protectionLevel=2 flags=0x30083e45)
03-21 14:29:11.173   779   876 W PackageManager: Not granting permission android.permission.WRITE_SECURE_SETTINGS to package com.google.android.apps.enterprise.dmagent (protectionLevel=50 flags=0x38083e05)
03-21 14:29:11.173   779   779 I SystemServiceManager: Starting com.android.server.DeviceIdleController
03-21 14:29:11.173   779   876 W PackageManager: Not granting permission android.permission.CONNECTIVITY_INTERNAL to package com.google.android.apps.enterprise.dmagent (protectionLevel=18 flags=0x38083e05)
03-21 14:29:11.173   779   876 W PackageManager: Not granting permission android.permission.MANAGE_USB to package com.google.android.apps.enterprise.dmagent (protectionLevel=18 flags=0x38083e05)
03-21 14:29:11.173   779   876 W PackageManager: Not granting permission android.permission.CHANGE_COMPONENT_ENABLED_STATE to package com.google.android.apps.enterprise.dmagent (protectionLevel=18 flags=0x38083e05)
03-21 14:29:11.173   779   876 W PackageManager: Not granting permission android.permission.MANAGE_CA_CERTIFICATES to package com.google.android.apps.enterprise.dmagent (protectionLevel=18 flags=0x38083e05)
03-21 14:29:11.173   779   876 W PackageManager: Not granting permission android.permission.MANAGE_USERS to package com.google.android.apps.enterprise.dmagent (protectionLevel=18 flags=0x38083e05)
03-21 14:29:11.174   779   876 W PackageManager: Not granting permission android.permission.SEND_DOWNLOAD_COMPLETED_INTENTS to package com.android.vending (protectionLevel=2 flags=0x384abe45)
03-21 14:29:11.174   779   876 W PackageManager: Unknown permission android.permission.SEND_SMS_NO_CONFIRMATION in package com.android.vending
03-21 14:29:11.174   779   876 W PackageManager: Unknown permission com.sprint.internal.permission.SYSTEMPROPERTIES in package com.lge.SprintHiddenMenu
03-21 14:29:11.174   779   876 W PackageManager: Unknown permission com.sprint.internal.permission.SYSTEMPROPERTIES_WRITE in package com.lge.SprintHiddenMenu
03-21 14:29:11.174   779   876 W PackageManager: Unknown permission com.sprint.internal.permission.CONNECTIONMANAGER in package com.lge.SprintHiddenMenu
03-21 14:29:11.174   779   876 W PackageManager: Unknown permission com.sprint.internal.permission.PLATFORM in package com.lge.SprintHiddenMenu
03-21 14:29:11.174   779   876 W PackageManager: Unknown permission com.sprint.internal.permission.OMADM in package com.lge.SprintHiddenMenu
