03-21 14:29:28.594   779  1456 I BroadcastQueue: Resuming delayed broadcast
03-21 14:29:32.913   779   885 D ConnectivityService: updateNetworkScore for NetworkAgentInfo [WIFI () - 100] to 55
03-21 14:29:38.119   779   790 I ActivityManager: Killing 1556:com.google.android.partnersetup/u0a13 (adj 15): empty #17
03-21 14:29:38.187   779   789 D ActivityManager: cleanUpApplicationRecord -- 1556
03-21 14:29:40.013   779   792 I ActivityManager: Waited long enough for: ServiceRecord{124fec4 u0 com.google.android.calendar/com.android.calendar.alerts.InitAlarmsService}
03-21 14:29:41.619   779   792 I ActivityManager: Waited long enough for: ServiceRecord{a9ed302 u0 com.qualcomm.qcrilmsgtunnel/.QcrilMsgTunnelService}
03-21 14:29:55.060   779  1254 I ActivityManager: Killing 2340:com.google.android.configupdater/u0a26 (adj 15): empty #17
03-21 14:29:55.166   779   790 D ActivityManager: cleanUpApplicationRecord -- 2340
03-21 14:29:55.440   779   806 I ActivityManager: Start proc 3146:com.android.defcontainer/u0a4 for service com.android.defcontainer/.DefaultContainerService
03-21 14:29:55.899   779   792 I ActivityManager: Force stopping com.harman.ovrsclient appid=10083 user=-1: uninstall pkg
03-21 14:29:55.997   779   806 I PackageManager: Package com.harman.ovrsclient codePath changed from /data/app/com.harman.ovrsclient-1 to /data/app/com.harman.ovrsclient-2; Retaining data and using new
03-21 14:29:55.997   779   806 W PackageManager: Code path for com.harman.ovrsclient changing from /data/app/com.harman.ovrsclient-1 to /data/app/com.harman.ovrsclient-2
03-21 14:29:55.997   779   792 I ActivityManager: Force stopping com.harman.ovrsclient appid=10083 user=-1: replace pkg
03-21 14:29:55.997   779   806 W PackageManager: Resource path for com.harman.ovrsclient changing from /data/app/com.harman.ovrsclient-1 to /data/app/com.harman.ovrsclient-2
03-21 14:29:56.178   779  1305 I ActivityManager: Killing 2372:com.lge.SprintHiddenMenu/1000 (adj 15): empty #17
03-21 14:29:56.236   779  1306 D ActivityManager: cleanUpApplicationRecord -- 2372
03-21 14:29:56.244   779   806 W PackageManager: Couldn't remove dex file for package:  at location /data/app/com.harman.ovrsclient-1/base.apk, retcode=-1
03-21 14:29:56.245   779   806 W PackageManager: Couldn't remove dex file for package:  at location /data/app/com.harman.ovrsclient-1/split_lib_dependencies_apk.apk, retcode=-1
03-21 14:29:56.245   779   806 W PackageManager: Couldn't remove dex file for package:  at location /data/app/com.harman.ovrsclient-1/split_lib_slice_0_apk.apk, retcode=-1
03-21 14:29:56.246   779   806 W PackageManager: Couldn't remove dex file for package:  at location /data/app/com.harman.ovrsclient-1/split_lib_slice_1_apk.apk, retcode=-1
03-21 14:29:56.246   779   806 W PackageManager: Couldn't remove dex file for package:  at location /data/app/com.harman.ovrsclient-1/split_lib_slice_2_apk.apk, retcode=-1
03-21 14:29:56.247   779   806 W PackageManager: Couldn't remove dex file for package:  at location /data/app/com.harman.ovrsclient-1/split_lib_slice_3_apk.apk, retcode=-1
03-21 14:29:56.247   779   806 W PackageManager: Couldn't remove dex file for package:  at location /data/app/com.harman.ovrsclient-1/split_lib_slice_4_apk.apk, retcode=-1
03-21 14:29:56.248   779   806 W PackageManager: Couldn't remove dex file for package:  at location /data/app/com.harman.ovrsclient-1/split_lib_slice_5_apk.apk, retcode=-1
03-21 14:29:56.248   779   806 W PackageManager: Couldn't remove dex file for package:  at location /data/app/com.harman.ovrsclient-1/split_lib_slice_6_apk.apk, retcode=-1
03-21 14:29:56.249   779   806 W PackageManager: Couldn't remove dex file for package:  at location /data/app/com.harman.ovrsclient-1/split_lib_slice_7_apk.apk, retcode=-1
03-21 14:29:56.249   779   806 W PackageManager: Couldn't remove dex file for package:  at location /data/app/com.harman.ovrsclient-1/split_lib_slice_8_apk.apk, retcode=-1
03-21 14:29:56.250   779   806 W PackageManager: Couldn't remove dex file for package:  at location /data/app/com.harman.ovrsclient-1/split_lib_slice_9_apk.apk, retcode=-1
03-21 14:29:56.258   779   806 I ActivityManager: Force stopping com.harman.ovrsclient appid=10083 user=0: pkg removed
03-21 14:29:56.265   779   779 D JobSchedulerService: Receieved: android.intent.action.PACKAGE_REMOVED
03-21 14:29:56.287   779  1722 I ActivityManager: Start proc 3175:com.android.musicfx/u0a15 for broadcast com.android.musicfx/.Compatibility$Receiver
03-21 14:29:56.471   779  1254 I ActivityManager: Killing 2427:com.google.process.gapps/u0a42 (adj 15): empty #17
03-21 14:29:56.555   779  2210 D ActivityManager: cleanUpApplicationRecord -- 2427
03-21 14:29:56.572   779  1305 I ActivityManager: Start proc 3209:com.google.android.apps.docs/u0a38 for broadcast com.google.android.apps.docs/.receivers.AppPackageAddRemoveReceiver
03-21 14:29:57.049   779   790 I ActivityManager: Start proc 3240:com.android.keychain/1000 for broadcast com.android.keychain/.KeyChainBroadcastReceiver
03-21 14:29:57.050   779   790 I ActivityManager: Killing 2442:com.google.android.apps.maps/u0a52 (adj 15): empty #17
03-21 14:29:57.086   779  1254 I ActivityManager: START u0 {act=android.intent.action.MAIN cat=[android.intent.category.LAUNCHER] flg=0x10000000 cmp=com.harman.ovrsclient/.MainActivity} from uid 2000 on display 0
03-21 14:29:57.110   779  1306 I ActivityManager: Start proc 3262:com.harman.ovrsclient/u0a83 for activity com.harman.ovrsclient/.MainActivity
03-21 14:29:57.124   779  1455 D ActivityManager: cleanUpApplicationRecord -- 2442
03-21 14:29:57.177  3240  3240 W ContextImpl: Calling a method in the system process without a qualified user: android.app.ContextImpl.startService:1221 android.content.ContextWrapper.startService:581 android.content.ContextWrapper.startService:581 com.android.keychain.KeyChainBroadcastReceiver.onReceive:12 android.app.ActivityThread.handleReceiver:2725 
03-21 14:29:57.192   779   790 I ActivityManager: Start proc 3278:com.google.android.partnersetup/u0a13 for broadcast com.google.android.partnersetup/.RlzPingBroadcastReceiver
03-21 14:29:57.212   779   951 I ActivityManager: Killing 2508:com.google.android.gm.exchange/u0a60 (adj 15): empty #17
03-21 14:29:57.342   779  2209 D ActivityManager: cleanUpApplicationRecord -- 2508
03-21 14:29:57.368   779   951 I ActivityManager: Killing 2531:com.google.android.youtube/u0a69 (adj 15): empty #17
03-21 14:29:57.430   779  1722 D ActivityManager: cleanUpApplicationRecord -- 2531
03-21 14:29:57.629   779  1305 I ActivityManager: Start proc 3315:com.google.android.apps.cloudprint/u0a35 for broadcast com.google.android.apps.cloudprint/.printdialog.receivers.UpgradeBroadcastReceiver
03-21 14:29:57.840   779  1306 I ActivityManager: Killing 2662:com.google.android.deskclock/u0a80 (adj 15): empty #17
03-21 14:29:57.876   779  1254 D ActivityManager: cleanUpApplicationRecord -- 2662
03-21 14:29:58.244   779   886 D NsdService: startMDnsDaemon
03-21 14:29:58.445   779   886 D NsdService: New client listening to asynchronous messages
03-21 14:29:58.446   779   886 D NsdService: New client, channel: com.android.internal.util.AsyncChannel@7d1f605 messenger: android.os.Messenger@a39765a
03-21 14:29:58.764   779  1291 I ActivityManager: Killing 2384:com.google.android.calendar/u0a31 (adj 15): empty #17
03-21 14:29:58.786   779  1306 D ActivityManager: cleanUpApplicationRecord -- 2384
03-21 14:29:59.617   779   886 D NsdService: Discover services
03-21 14:29:59.617   779   886 D NsdService: discoverServices: 2 _http._tcp.
03-21 14:29:59.618   779   886 D NsdService: Discover 1 2_http._tcp.
03-21 14:29:59.820   779   886 D NsdService: SERVICE_FOUND Raw: 603 2 "OVRS_SERVER" _http._tcp. local.
03-21 14:29:59.821   779   886 D NsdService: Resolve service
03-21 14:29:59.822   779   886 D NsdService: resolveService: 3 name: OVRS_SERVER, type: _http._tcp., host: null, port: 0
03-21 14:29:59.823   779   886 D NsdService: Stop service discovery
03-21 14:29:59.823   779   886 D NsdService: stopServiceDiscovery: 2
03-21 14:29:59.824   779   886 D NsdService: SERVICE_RESOLVED Raw: 608 3 "OVRS_SERVER._http._tcp.local." "192-168-101-31.local." 49503 14
03-21 14:29:59.824   779   886 D NsdService: stopResolveService: 3
03-21 14:29:59.825   779   886 D NsdService: getAdddrInfo: 4
03-21 14:29:59.826   779   886 D NsdService: SERVICE_GET_ADDR_SUCCESS Raw: 612 4 "192-168-101-31.local." 3599 192.168.101.31
03-21 14:29:59.828   779   886 D NsdService: stopGetAdddrInfo: 4
03-21 14:30:00.080   779   885 D ConnectivityService: updateNetworkScore for NetworkAgentInfo [WIFI () - 100] to 60
--------- beginning of crash
03-21 14:30:01.086  3262  3262 E AndroidRuntime: FATAL EXCEPTION: main
03-21 14:30:01.086  3262  3262 E AndroidRuntime: Process: com.harman.ovrsclient, PID: 3262
03-21 14:30:01.086  3262  3262 E AndroidRuntime: java.lang.NullPointerException: Attempt to invoke virtual method 'void android.widget.ImageView.setImageBitmap(android.graphics.Bitmap)' on a null object reference
03-21 14:30:01.086  3262  3262 E AndroidRuntime: 	at com.harman.ovrsclient.MainActivity$ReceiverThread$1.run(MainActivity.java:485)
03-21 14:30:01.086  3262  3262 E AndroidRuntime: 	at android.os.Handler.handleCallback(Handler.java:739)
03-21 14:30:01.086  3262  3262 E AndroidRuntime: 	at android.os.Handler.dispatchMessage(Handler.java:95)
03-21 14:30:01.086  3262  3262 E AndroidRuntime: 	at android.os.Looper.loop(Looper.java:148)
03-21 14:30:01.086  3262  3262 E AndroidRuntime: 	at android.app.ActivityThread.main(ActivityThread.java:5417)
03-21 14:30:01.086  3262  3262 E AndroidRuntime: 	at java.lang.reflect.Method.invoke(Native Method)
03-21 14:30:01.086  3262  3262 E AndroidRuntime: 	at com.android.internal.os.ZygoteInit$MethodAndArgsCaller.run(ZygoteInit.java:726)
03-21 14:30:01.086  3262  3262 E AndroidRuntime: 	at com.android.internal.os.ZygoteInit.main(ZygoteInit.java:616)
03-21 14:30:01.093   779   951 W ActivityManager:   Force finishing activity com.harman.ovrsclient/.MainActivity
03-21 14:30:01.603   779   792 W ActivityManager: Activity pause timeout for ActivityRecord{8d2cf97 u0 com.harman.ovrsclient/.MainActivity t12 f}
03-21 14:30:04.293   779   779 I ActivityManager: Killing 2483:com.google.android.gm/u0a61 (adj 15): empty #17
03-21 14:30:04.436   779  1305 D ActivityManager: cleanUpApplicationRecord -- 2483
03-21 14:30:06.097   779   885 D ConnectivityService: updateNetworkScore for NetworkAgentInfo [WIFI () - 100] to 59
03-21 14:30:11.611   779   792 W ActivityManager: Activity destroy timeout for ActivityRecord{8d2cf97 u0 com.harman.ovrsclient/.MainActivity t12 f}
03-21 14:30:12.492   779   884 D WifiService: New client listening to asynchronous messages
--------- beginning of main
03-21 14:30:12.502  2312  3502 W CronetSyncConnectionRcs: Upload content type not set.
03-21 14:30:12.502  3262  3415 I chatty  : uid=10083(com.harman.ovrsclient) /192.168.101.8 expire 8473 lines
03-21 14:30:12.571  2216  2250 D Finsky  : [176] AppStatesReplicator.handleContentSyncResponse: Completed 0 account content syncs with 0 successful.
03-21 14:30:12.572  2216  2216 D Finsky  : [1] ContentSyncService$5.onFinished: Installation state replication succeeded.
03-21 14:30:12.585   779  1572 D NetlinkSocketObserver: NeighborEvent{elapsedMs=74977, 192.168.101.1, [00A38EBD388B], RTM_NEWNEIGH, NUD_REACHABLE}
03-21 14:30:12.878   779  2210 I ActivityManager: Killing 2411:com.google.android.apps.fitness/u0a40 (adj 15): empty #17
03-21 14:30:12.976   779   789 D ActivityManager: cleanUpApplicationRecord -- 2411
03-21 14:30:12.978  1231  1231 I ConfigService: onDestroy
03-21 14:30:15.116   779   885 D ConnectivityService: updateNetworkScore for NetworkAgentInfo [WIFI () - 100] to 60
03-21 14:30:20.151  3262  3415 D skia    : --- SkImageDecoder::Factory returned null
03-21 14:30:20.152  3262  3415 D skia    : --- SkImageDecoder::Factory returned null
03-21 14:30:20.153  3262  3415 D skia    : --- SkImageDecoder::Factory returned null
03-21 14:30:20.154  3262  3415 D skia    : --- SkImageDecoder::Factory returned null
03-21 14:30:20.154  3262  3415 D skia    : --- SkImageDecoder::Factory returned null
03-21 14:30:20.155  3262  3415 D skia    : --- SkImageDecoder::Factory returned null
03-21 14:30:20.156  3262  3415 D skia    : --- SkImageDecoder::Factory returned null
03-21 14:30:20.157  3262  3415 D skia    : --- SkImageDecoder::Factory returned null
03-21 14:30:20.158  3262  3415 D skia    : --- SkImageDecoder::Factory returned null
03-21 14:30:20.160  3262  3415 D skia    : --- SkImageDecoder::Factory returned null
03-21 14:30:20.161  3262  3415 D skia    : --- SkImageDecoder::Factory returned null
03-21 14:30:20.162  3262  3415 D skia    : --- SkImageDecoder::Factory returned null
03-21 14:30:20.163  3262  3415 D skia    : --- SkImageDecoder::Factory returned null
03-21 14:30:20.164  3262  3415 D skia    : --- SkImageDecoder::Factory returned null
03-21 14:30:20.165  3262  3415 D skia    : --- SkImageDecoder::Factory returned null
03-21 14:30:20.166  3262  3415 D skia    : --- SkImageDecoder::Factory returned null
03-21 14:30:20.167  3262  3415 D skia    : --- SkImageDecoder::Factory returned null
03-21 14:30:20.168  3262  3415 D skia    : --- SkImageDecoder::Factory returned null
03-21 14:30:20.169  3262  3415 D skia    : --- SkImageDecoder::Factory returned null
03-21 14:30:20.170  3262  3415 D skia    : --- SkImageDecoder::Factory returned null
03-21 14:30:20.171  3262  3415 D skia    : --- SkImageDecoder::Factory returned null
03-21 14:30:20.172  3262  3415 D skia    : --- SkImageDecoder::Factory returned null
03-21 14:30:20.173  3262  3415 D skia    : --- SkImageDecoder::Factory returned null
03-21 14:30:20.174  3262  3415 D skia    : --- SkImageDecoder::Factory returned null
03-21 14:30:20.175  3262  3415 D skia    : --- SkImageDecoder::Factory returned null
03-21 14:30:20.176  3262  3415 D skia    : --- SkImageDecoder::Factory returned null
03-21 14:30:20.177  3262  3415 D skia    : --- SkImageDecoder::Factory returned null
03-21 14:30:20.178  3262  3415 D skia    : --- SkImageDecoder::Factory returned null
03-21 14:30:20.179  3262  3415 D skia    : --- SkImageDecoder::Factory returned null
03-21 14:30:20.179  3262  3415 D skia    : --- SkImageDecoder::Factory returned null
03-21 14:30:20.182  3262  3415 D skia    : --- SkImageDecoder::Factory returned null
03-21 14:30:20.183  3262  3415 D skia    : --- SkImageDecoder::Factory returned null
03-21 14:30:20.184  3262  3415 D skia    : --- SkImageDecoder::Factory returned null
03-21 14:30:20.184  3262  3415 D skia    : --- SkImageDecoder::Factory returned null
03-21 14:30:20.186  3262  3415 D skia    : --- SkImageDecoder::Factory returned null
03-21 14:30:20.187  3262  3415 D skia    : --- SkImageDecoder::Factory returned null
03-21 14:30:20.188  3262  3415 D skia    : --- SkImageDecoder::Factory returned null
03-21 14:30:20.189  3262  3415 D skia    : --- SkImageDecoder::Factory returned null
03-21 14:30:20.190  3262  3415 D skia    : --- SkImageDecoder::Factory returned null
03-21 14:30:20.191  3262  3415 D skia    : --- SkImageDecoder::Factory returned null
03-21 14:30:20.192  3262  3415 D skia    : --- SkImageDecoder::Factory returned null
03-21 14:30:20.193  3262  3415 D skia    : --- SkImageDecoder::Factory returned null
03-21 14:30:20.194  3262  3415 D skia    : --- SkImageDecoder::Factory returned null
03-21 14:30:20.195  3262  3415 D skia    : --- SkImageDecoder::Factory returned null
03-21 14:30:20.196  3262  3415 D skia    : --- SkImageDecoder::Factory returned null
03-21 14:30:20.197  3262  3415 D skia    : --- SkImageDecoder::Factory returned null
03-21 14:30:20.198  3262  3415 D skia    : --- SkImageDecoder::Factory returned null
03-21 14:30:20.199  3262  3415 D skia    : --- SkImageDecoder::Factory returned null
03-21 14:30:20.200  3262  3415 D skia    : --- SkImageDecoder::Factory returned null
03-21 14:30:20.201  3262  3415 D skia    : --- SkImageDecoder::Factory returned null
03-21 14:30:20.202  3262  3415 D skia    : --- SkImageDecoder::Factory returned null
03-21 14:30:20.203  3262  3415 D skia    : --- SkImageDecoder::Factory returned null
03-21 14:30:20.204  3262  3415 D skia    : --- SkImageDecoder::Factory returned null
03-21 14:30:20.205  3262  3415 D skia    : --- SkImageDecoder::Factory returned null
03-21 14:30:20.206  3262  3415 D skia    : --- SkImageDecoder::Factory returned null
03-21 14:30:20.207  3262  3415 D skia    : --- SkImageDecoder::Factory returned null
03-21 14:30:20.208  3262  3415 D skia    : --- SkImageDecoder::Factory returned null
03-21 14:30:20.209  3262  3415 D skia    : --- SkImageDecoder::Factory returned null
03-21 14:30:20.210  3262  3415 D skia    : --- SkImageDecoder::Factory returned null
03-21 14:30:20.211  3262  3415 D skia    : --- SkImageDecoder::Factory returned null
03-21 14:30:20.212  3262  3415 D skia    : --- SkImageDecoder::Factory returned null
03-21 14:30:20.213  3262  3415 D skia    : --- SkImageDecoder::Factory returned null
03-21 14:30:20.214  3262  3415 D skia    : --- SkImageDecoder::Factory returned null
03-21 14:30:20.215  3262  3415 D skia    : --- SkImageDecoder::Factory returned null
03-21 14:30:20.216  3262  3415 D skia    : --- SkImageDecoder::Factory returned null
03-21 14:30:20.217  3262  3415 D skia    : --- SkImageDecoder::Factory returned null
03-21 14:30:20.218  3262  3415 D skia    : --- SkImageDecoder::Factory returned null
03-21 14:30:20.219  3262  3415 D skia    : --- SkImageDecoder::Factory returned null
03-21 14:30:20.220  3262  3415 D skia    : --- SkImageDecoder::Factory returned null
03-21 14:30:20.221  3262  3415 D skia    : --- SkImageDecoder::Factory returned null
03-21 14:30:20.222  3262  3415 D skia    : --- SkImageDecoder::Factory returned null
03-21 14:30:20.224  3262  3415 D skia    : --- SkImageDecoder::Factory returned null
03-21 14:30:20.225  3262  3415 D skia    : --- SkImageDecoder::Factory returned null
03-21 14:30:20.226  3262  3415 D skia    : --- SkImageDecoder::Factory returned null
03-21 14:30:20.227  3262  3415 D skia    : --- SkImageDecoder::Factory returned null
03-21 14:30:20.228  3262  3415 D skia    : --- SkImageDecoder::Factory returned null
03-21 14:30:20.229  3262  3415 D skia    : --- SkImageDecoder::Factory returned null
03-21 14:30:20.230  3262  3415 D skia    : --- SkImageDecoder::Factory returned null
03-21 14:30:20.231  3262  3415 D skia    : --- SkImageDecoder::Factory returned null
03-21 14:30:20.232  3262  3415 D skia    : --- SkImageDecoder::Factory returned null
03-21 14:30:20.233  3262  3415 D skia    : --- SkImageDecoder::Factory returned null
03-21 14:30:20.234  3262  3415 D skia    : --- SkImageDecoder::Factory returned null
03-21 14:30:20.235  3262  3415 D skia    : --- SkImageDecoder::Factory returned null
03-21 14:30:20.236  3262  3415 D skia    : --- SkImageDecoder::Factory returned null
03-21 14:30:20.237  3262  3415 D skia    : --- SkImageDecoder::Factory returned null
03-21 14:30:20.238  3262  3415 D skia    : --- SkImageDecoder::Factory returned null
03-21 14:30:20.239  3262  3415 D skia    : --- SkImageDecoder::Factory returned null
03-21 14:30:20.240  3262  3415 D skia    : --- SkImageDecoder::Factory returned null
03-21 14:30:20.240  3262  3415 D skia    : --- SkImageDecoder::Factory returned null
03-21 14:30:20.241  3262  3415 D skia    : --- SkImageDecoder::Factory returned null
03-21 14:30:20.242  3262  3415 D skia    : --- SkImageDecoder::Factory returned null
03-21 14:30:20.243  3262  3415 D skia    : --- SkImageDecoder::Factory returned null
03-21 14:30:20.244  3262  3415 D skia    : --- SkImageDecoder::Factory returned null
03-21 14:30:20.245  3262  3415 D skia    : --- SkImageDecoder::Factory returned null
03-21 14:30:20.246  3262  3415 D skia    : --- SkImageDecoder::Factory returned null
03-21 14:30:20.247  3262  3415 D skia    : --- SkImageDecoder::Factory returned null
03-21 14:30:20.248  3262  3415 D skia    : --- SkImageDecoder::Factory returned null
03-21 14:30:20.249  3262  3415 D skia    : --- SkImageDecoder::Factory returned null
03-21 14:30:20.250  3262  3415 D skia    : --- SkImageDecoder::Factory returned null
03-21 14:30:20.251  3262  3415 D skia    : --- SkImageDecoder::Factory returned null
03-21 14:30:20.252  3262  3415 D skia    : --- SkImageDecoder::Factory returned null
03-21 14:30:20.253  3262  3415 D skia    : --- SkImageDecoder::Factory returned null
03-21 14:30:20.254  3262  3415 D skia    : --- SkImageDecoder::Factory returned null
03-21 14:30:20.255  3262  3415 D skia    : --- SkImageDecoder::Factory returned null
03-21 14:30:20.256  3262  3415 D skia    : --- SkImageDecoder::Factory returned null
03-21 14:30:20.257  3262  3415 D skia    : --- SkImageDecoder::Factory returned null
03-21 14:30:20.258  3262  3415 D skia    : --- SkImageDecoder::Factory returned null
03-21 14:30:20.259  3262  3415 D skia    : --- SkImageDecoder::Factory returned null
03-21 14:30:20.260  3262  3415 D skia    : --- SkImageDecoder::Factory returned null
03-21 14:30:20.261  3262  3415 D skia    : --- SkImageDecoder::Factory returned null
03-21 14:30:20.262  3262  3415 D skia    : --- SkImageDecoder::Factory returned null
03-21 14:30:20.263  3262  3415 D skia    : --- SkImageDecoder::Factory returned null
03-21 14:30:20.264  3262  3415 D skia    : --- SkImageDecoder::Factory returned null
03-21 14:30:20.265  3262  3415 D skia    : --- SkImageDecoder::Factory returned null
03-21 14:30:20.266  3262  3415 D skia    : --- SkImageDecoder::Factory returned null
03-21 14:30:20.267  3262  3415 D skia    : --- SkImageDecoder::Factory returned null
03-21 14:30:20.268  3262  3415 D skia    : --- SkImageDecoder::Factory returned null
03-21 14:30:20.269  3262  3415 D skia    : --- SkImageDecoder::Factory returned null
03-21 14:30:20.270  3262  3415 D skia    : --- SkImageDecoder::Factory returned null
03-21 14:30:20.271  3262  3415 D skia    : --- SkImageDecoder::Factory returned null
03-21 14:30:20.272  3262  3415 D skia    : --- SkImageDecoder::Factory returned null
03-21 14:30:20.273  3262  3415 D skia    : --- SkImageDecoder::Factory returned null
03-21 14:30:20.274  3262  3415 D skia    : --- SkImageDecoder::Factory returned null
03-21 14:30:20.275  3262  3415 D skia    : --- SkImageDecoder::Factory returned null
03-21 14:30:20.276  3262  3415 D skia    : --- SkImageDecoder::Factory returned null
03-21 14:30:20.277  3262  3415 D skia    : --- SkImageDecoder::Factory returned null
03-21 14:30:20.278  3262  3415 D skia    : --- SkImageDecoder::Factory returned null
03-21 14:30:20.279  3262  3415 D skia    : --- SkImageDecoder::Factory returned null
03-21 14:30:20.280  3262  3415 D skia    : --- SkImageDecoder::Factory returned null
03-21 14:30:20.281  3262  3415 D skia    : --- SkImageDecoder::Factory returned null
03-21 14:30:20.282  3262  3415 D skia    : --- SkImageDecoder::Factory returned null
03-21 14:30:20.283  3262  3415 D skia    : --- SkImageDecoder::Factory returned null
03-21 14:30:20.284  3262  3415 D skia    : --- SkImageDecoder::Factory returned null
03-21 14:30:20.285  3262  3415 D skia    : --- SkImageDecoder::Factory returned null
03-21 14:30:20.286  3262  3415 D skia    : --- SkImageDecoder::Factory returned null
03-21 14:30:20.287  3262  3415 D skia    : --- SkImageDecoder::Factory returned null
03-21 14:30:20.288  3262  3415 D skia    : --- SkImageDecoder::Factory returned null
03-21 14:30:20.289  3262  3415 D skia    : --- SkImageDecoder::Factory returned null
03-21 14:30:20.290  3262  3415 D skia    : --- SkImageDecoder::Factory returned null
03-21 14:30:20.292  3262  3415 D skia    : --- SkImageDecoder::Factory returned null
03-21 14:30:20.293  3262  3415 D skia    : --- SkImageDecoder::Factory returned null
03-21 14:30:20.294  3262  3415 D skia    : --- SkImageDecoder::Factory returned null
03-21 14:30:20.295  3262  3415 D skia    : --- SkImageDecoder::Factory returned null
03-21 14:30:20.296  3262  3415 D skia    : --- SkImageDecoder::Factory returned null
03-21 14:30:20.297  3262  3415 D skia    : --- SkImageDecoder::Factory returned null
03-21 14:30:20.298  3262  3415 D skia    : --- SkImageDecoder::Factory returned null
03-21 14:30:20.299  3262  3415 D skia    : --- SkImageDecoder::Factory returned null
03-21 14:30:20.300  3262  3415 D skia    : --- SkImageDecoder::Factory returned null
03-21 14:30:20.301  3262  3415 D skia    : --- SkImageDecoder::Factory returned null
03-21 14:30:20.302  3262  3415 D skia    : --- SkImageDecoder::Factory returned null
03-21 14:30:20.303  3262  3415 D skia    : --- SkImageDecoder::Factory returned null
03-21 14:30:20.304  3262  3415 D skia    : --- SkImageDecoder::Factory returned null
03-21 14:30:20.305  3262  3415 D skia    : --- SkImageDecoder::Factory returned null
03-21 14:30:20.306  3262  3415 D skia    : --- SkImageDecoder::Factory returned null
03-21 14:30:20.307  3262  3415 D skia    : --- SkImageDecoder::Factory returned null
03-21 14:30:20.308  3262  3415 D skia    : --- SkImageDecoder::Factory returned null
03-21 14:30:20.309  3262  3415 D skia    : --- SkImageDecoder::Factory returned null
03-21 14:30:20.310  3262  3415 D skia    : --- SkImageDecoder::Factory returned null
03-21 14:30:20.311  3262  3415 D skia    : --- SkImageDecoder::Factory returned null
03-21 14:30:20.312  3262  3415 D skia    : --- SkImageDecoder::Factory returned null
03-21 14:30:20.313  3262  3415 D skia    : --- SkImageDecoder::Factory returned null
03-21 14:30:20.314  3262  3415 D skia    : --- SkImageDecoder::Factory returned null
03-21 14:30:20.315  3262  3415 D skia    : --- SkImageDecoder::Factory returned null
03-21 14:30:20.316  3262  3415 D skia    : --- SkImageDecoder::Factory returned null
03-21 14:30:20.317  3262  3415 D skia    : --- SkImageDecoder::Factory returned null
03-21 14:30:20.318  3262  3415 D skia    : --- SkImageDecoder::Factory returned null
03-21 14:30:20.319  3262  3415 D skia    : --- SkImageDecoder::Factory returned null
03-21 14:30:20.320  3262  3415 D skia    : --- SkImageDecoder::Factory returned null
03-21 14:30:20.321  3262  3415 D skia    : --- SkImageDecoder::Factory returned null
03-21 14:30:20.322  3262  3415 D skia    : --- SkImageDecoder::Factory returned null
03-21 14:30:20.323  3262  3415 D skia    : --- SkImageDecoder::Factory returned null
03-21 14:30:20.324  3262  3415 D skia    : --- SkImageDecoder::Factory returned null
03-21 14:30:20.325  3262  3415 D skia    : --- SkImageDecoder::Factory returned null
03-21 14:30:20.326  3262  3415 D skia    : --- SkImageDecoder::Factory returned null
03-21 14:30:20.327  3262  3415 D skia    : --- SkImageDecoder::Factory returned null
03-21 14:30:20.328  3262  3415 D skia    : --- SkImageDecoder::Factory returned null
03-21 14:30:20.329  3262  3415 D skia    : --- SkImageDecoder::Factory returned null
03-21 14:30:20.330  3262  3415 D skia    : --- SkImageDecoder::Factory returned null
03-21 14:30:20.331  3262  3415 D skia    : --- SkImageDecoder::Factory returned null
03-21 14:30:20.332  3262  3415 D skia    : --- SkImageDecoder::Factory returned null
03-21 14:30:20.333  3262  3415 D skia    : --- SkImageDecoder::Factory returned null
03-21 14:30:20.334  3262  3415 D skia    : --- SkImageDecoder::Factory returned null
03-21 14:30:20.335  3262  3415 D skia    : --- SkImageDecoder::Factory returned null
03-21 14:30:20.336  3262  3415 D skia    : --- SkImageDecoder::Factory returned null
03-21 14:30:20.337  3262  3415 D skia    : --- SkImageDecoder::Factory returned null
03-21 14:30:20.338  3262  3415 D skia    : --- SkImageDecoder::Factory returned null
03-21 14:30:20.339  3262  3415 D skia    : --- SkImageDecoder::Factory returned null
03-21 14:30:20.340  3262  3415 D skia    : --- SkImageDecoder::Factory returned null
03-21 14:30:20.341  3262  3415 D skia    : --- SkImageDecoder::Factory returned null
03-21 14:30:20.342  3262  3415 D skia    : --- SkImageDecoder::Factory returned null
03-21 14:30:20.343  3262  3415 D skia    : --- SkImageDecoder::Factory returned null
03-21 14:30:20.344  3262  3415 D skia    : --- SkImageDecoder::Factory returned null
03-21 14:30:20.345  3262  3415 D skia    : --- SkImageDecoder::Factory returned null
03-21 14:30:20.346  3262  3415 D skia    : --- SkImageDecoder::Factory returned null
03-21 14:30:20.347  3262  3415 D skia    : --- SkImageDecoder::Factory returned null
03-21 14:30:20.348  3262  3415 D skia    : --- SkImageDecoder::Factory returned null
03-21 14:30:20.349  3262  3415 D skia    : --- SkImageDecoder::Factory returned null
03-21 14:30:20.350  3262  3415 D skia    : --- SkImageDecoder::Factory returned null
03-21 14:30:20.351  3262  3415 D skia    : --- SkImageDecoder::Factory returned null
03-21 14:30:20.353  3262  3415 D skia    : --- SkImageDecoder::Factory returned null
03-21 14:30:20.353  3262  3415 D skia    : --- SkImageDecoder::Factory returned null
03-21 14:30:20.355  3262  3415 D skia    : --- SkImageDecoder::Factory returned null
03-21 14:30:20.356  3262  3415 D skia    : --- SkImageDecoder::Factory returned null
03-21 14:30:20.356  3262  3415 D skia    : --- SkImageDecoder::Factory returned null
03-21 14:30:20.357  3262  3415 D skia    : --- SkImageDecoder::Factory returned null
03-21 14:30:20.358  3262  3415 D skia    : --- SkImageDecoder::Factory returned null
03-21 14:30:20.359  3262  3415 D skia    : --- SkImageDecoder::Factory returned null
03-21 14:30:20.360  3262  3415 D skia    : --- SkImageDecoder::Factory returned null
03-21 14:30:20.361  3262  3415 D skia    : --- SkImageDecoder::Factory returned null
03-21 14:30:20.363  3262  3415 D skia    : --- SkImageDecoder::Factory returned null
03-21 14:30:20.364  3262  3415 D skia    : --- SkImageDecoder::Factory returned null
03-21 14:30:20.365  3262  3415 D skia    : --- SkImageDecoder::Factory returned null
03-21 14:30:20.366  3262  3415 D skia    : --- SkImageDecoder::Factory returned null
03-21 14:30:20.367  3262  3415 D skia    : --- SkImageDecoder::Factory returned null
03-21 14:30:20.368  3262  3415 D skia    : --- SkImageDecoder::Factory returned null
03-21 14:30:20.369  3262  3415 D skia    : --- SkImageDecoder::Factory returned null
03-21 14:30:20.370  3262  3415 D skia    : --- SkImageDecoder::Factory returned null
03-21 14:30:20.371  3262  3415 D skia    : --- SkImageDecoder::Factory returned null
03-21 14:30:20.372  3262  3415 D skia    : --- SkImageDecoder::Factory returned null
03-21 14:30:20.373  3262  3415 D skia    : --- SkImageDecoder::Factory returned null
03-21 14:30:20.374  3262  3415 D skia    : --- SkImageDecoder::Factory returned null
03-21 14:30:20.375  3262  3415 D skia    : --- SkImageDecoder::Factory returned null
03-21 14:30:20.376  3262  3415 D skia    : --- SkImageDecoder::Factory returned null
03-21 14:30:20.377  3262  3415 D skia    : --- SkImageDecoder::Factory returned null
03-21 14:30:20.378  3262  3415 D skia    : --- SkImageDecoder::Factory returned null
03-21 14:30:20.379  3262  3415 D skia    : --- SkImageDecoder::Factory returned null
03-21 14:30:20.380  3262  3415 D skia    : --- SkImageDecoder::Factory returned null
03-21 14:30:20.381  3262  3415 D skia    : --- SkImageDecoder::Factory returned null
03-21 14:30:20.382  3262  3415 D skia    : --- SkImageDecoder::Factory returned null
03-21 14:30:20.383  3262  3415 D skia    : --- SkImageDecoder::Factory returned null
03-21 14:30:20.383  3262  3415 D skia    : --- SkImageDecoder::Factory returned null
03-21 14:30:20.384  3262  3415 D skia    : --- SkImageDecoder::Factory returned null
03-21 14:30:20.385  3262  3415 D skia    : --- SkImageDecoder::Factory returned null
03-21 14:30:20.386  3262  3415 D skia    : --- SkImageDecoder::Factory returned null
03-21 14:30:20.387  3262  3415 D skia    : --- SkImageDecoder::Factory returned null
03-21 14:30:20.388  3262  3415 D skia    : --- SkImageDecoder::Factory returned null
03-21 14:30:20.389  3262  3415 D skia    : --- SkImageDecoder::Factory returned null
03-21 14:30:20.390  3262  3415 D skia    : --- SkImageDecoder::Factory returned null
03-21 14:30:20.391  3262  3415 D skia    : --- SkImageDecoder::Factory returned null
03-21 14:30:20.391  3262  3415 D skia    : --- SkImageDecoder::Factory returned null
03-21 14:30:20.392  3262  3415 D skia    : --- SkImageDecoder::Factory returned null
03-21 14:30:20.393  3262  3415 D skia    : --- SkImageDecoder::Factory returned null
03-21 14:30:20.394  3262  3415 D skia    : --- SkImageDecoder::Factory returned null
03-21 14:30:20.395  3262  3415 D skia    : --- SkImageDecoder::Factory returned null
03-21 14:30:20.396  3262  3415 D skia    : --- SkImageDecoder::Factory returned null
03-21 14:30:20.397  3262  3415 D skia    : --- SkImageDecoder::Factory returned null
03-21 14:30:20.398  3262  3415 D skia    : --- SkImageDecoder::Factory returned null
03-21 14:30:20.399  3262  3415 D skia    : --- SkImageDecoder::Factory returned null
03-21 14:30:20.400  3262  3415 D skia    : --- SkImageDecoder::Factory returned null
03-21 14:30:20.400  3262  3415 D skia    : --- SkImageDecoder::Factory returned null
03-21 14:30:20.401  3262  3415 D skia    : --- SkImageDecoder::Factory returned null
03-21 14:30:20.402  3262  3415 D skia    : --- SkImageDecoder::Factory returned null
03-21 14:30:20.403  3262  3415 D skia    : --- SkImageDecoder::Factory returned null
03-21 14:30:20.404  3262  3415 D skia    : --- SkImageDecoder::Factory returned null
03-21 14:30:20.405  3262  3415 D skia    : --- SkImageDecoder::Factory returned null
03-21 14:30:20.406  3262  3415 D skia    : --- SkImageDecoder::Factory returned null
03-21 14:30:20.407  3262  3415 D skia    : --- SkImageDecoder::Factory returned null
03-21 14:30:20.408  3262  3415 D skia    : --- SkImageDecoder::Factory returned null
03-21 14:30:20.408  3262  3415 D skia    : --- SkImageDecoder::Factory returned null
03-21 14:30:20.409  3262  3415 D skia    : --- SkImageDecoder::Factory returned null
03-21 14:30:20.410  3262  3415 D skia    : --- SkImageDecoder::Factory returned null
03-21 14:30:20.411  3262  3415 D skia    : --- SkImageDecoder::Factory returned null
03-21 14:30:20.412  3262  3415 D skia    : --- SkImageDecoder::Factory returned null
03-21 14:30:20.413  3262  3415 D skia    : --- SkImageDecoder::Factory returned null
03-21 14:30:20.414  3262  3415 D skia    : --- SkImageDecoder::Factory returned null
03-21 14:30:20.415  3262  3415 D skia    : --- SkImageDecoder::Factory returned null
03-21 14:30:20.416  3262  3415 D skia    : --- SkImageDecoder::Factory returned null
03-21 14:30:20.417  3262  3415 D skia    : --- SkImageDecoder::Factory returned null
03-21 14:30:20.418  3262  3415 D skia    : --- SkImageDecoder::Factory returned null
03-21 14:30:20.419  3262  3415 D skia    : --- SkImageDecoder::Factory returned null
03-21 14:30:20.420  3262  3415 D skia    : --- SkImageDecoder::Factory returned null
03-21 14:30:20.421  3262  3415 D skia    : --- SkImageDecoder::Factory returned null
03-21 14:30:20.421  3262  3415 D skia    : --- SkImageDecoder::Factory returned null
03-21 14:30:20.422  3262  3415 D skia    : --- SkImageDecoder::Factory returned null
03-21 14:30:20.423  3262  3415 D skia    : --- SkImageDecoder::Factory returned null
03-21 14:30:20.424  3262  3415 D skia    : --- SkImageDecoder::Factory returned null
03-21 14:30:20.425  3262  3415 D skia    : --- SkImageDecoder::Factory returned null
03-21 14:30:20.426  3262  3415 D skia    : --- SkImageDecoder::Factory returned null
03-21 14:30:20.427  3262  3415 D skia    : --- SkImageDecoder::Factory returned null
03-21 14:30:20.428  3262  3415 D skia    : --- SkImageDecoder::Factory returned null
03-21 14:30:20.429  3262  3415 D skia    : --- SkImageDecoder::Factory returned null
03-21 14:30:20.430  3262  3415 D skia    : --- SkImageDecoder::Factory returned null
03-21 14:30:20.430  3262  3415 D skia    : --- SkImageDecoder::Factory returned null
03-21 14:30:20.431  3262  3415 D skia    : --- SkImageDecoder::Factory returned null
03-21 14:30:20.432  3262  3415 D skia    : --- SkImageDecoder::Factory returned null
03-21 14:30:20.433  3262  3415 D skia    : --- SkImageDecoder::Factory returned null
03-21 14:30:20.434  3262  3415 D skia    : --- SkImageDecoder::Factory returned null
03-21 14:30:20.435  3262  3415 D skia    : --- SkImageDecoder::Factory returned null
03-21 14:30:20.436  3262  3415 D skia    : --- SkImageDecoder::Factory returned null
03-21 14:30:20.437  3262  3415 D skia    : --- SkImageDecoder::Factory returned null
03-21 14:30:20.438  3262  3415 D skia    : --- SkImageDecoder::Factory returned null
03-21 14:30:20.439  3262  3415 D skia    : --- SkImageDecoder::Factory returned null
03-21 14:30:20.440  3262  3415 D skia    : --- SkImageDecoder::Factory returned null
03-21 14:30:20.441  3262  3415 D skia    : --- SkImageDecoder::Factory returned null
03-21 14:30:20.442  3262  3415 D skia    : --- SkImageDecoder::Factory returned null
03-21 14:30:20.443  3262  3415 D skia    : --- SkImageDecoder::Factory returned null
03-21 14:30:20.444  3262  3415 D skia    : --- SkImageDecoder::Factory returned null
03-21 14:30:20.445  3262  3415 D skia    : --- SkImageDecoder::Factory returned null
03-21 14:30:20.446  3262  3415 D skia    : --- SkImageDecoder::Factory returned null
03-21 14:30:20.447  3262  3415 D skia    : --- SkImageDecoder::Factory returned null
03-21 14:30:20.448  3262  3415 D skia    : --- SkImageDecoder::Factory returned null
03-21 14:30:20.449  3262  3415 D skia    : --- SkImageDecoder::Factory returned null
03-21 14:30:20.450  3262  3415 D skia    : --- SkImageDecoder::Factory returned null
03-21 14:30:20.451  3262  3415 D skia    : --- SkImageDecoder::Factory returned null
03-21 14:30:20.452  3262  3415 D skia    : --- SkImageDecoder::Factory returned null
03-21 14:30:20.453  3262  3415 D skia    : --- SkImageDecoder::Factory returned null
03-21 14:30:20.454  3262  3415 D skia    : --- SkImageDecoder::Factory returned null
03-21 14:30:20.455  3262  3415 D skia    : --- SkImageDecoder::Factory returned null
03-21 14:30:20.456  3262  3415 D skia    : --- SkImageDecoder::Factory returned null
03-21 14:30:20.457  3262  3415 D skia    : --- SkImageDecoder::Factory returned null
03-21 14:30:20.458  3262  3415 D skia    : --- SkImageDecoder::Factory returned null
03-21 14:30:20.459  3262  3415 D skia    : --- SkImageDecoder::Factory returned null
03-21 14:30:20.460  3262  3415 D skia    : --- SkImageDecoder::Factory returned null
03-21 14:30:20.461  3262  3415 D skia    : --- SkImageDecoder::Factory returned null
03-21 14:30:20.462  3262  3415 D skia    : --- SkImageDecoder::Factory returned null
03-21 14:30:20.463  3262  3415 D skia    : --- SkImageDecoder::Factory returned null
03-21 14:30:20.464  3262  3415 D skia    : --- SkImageDecoder::Factory returned null
03-21 14:30:20.465  3262  3415 D skia    : --- SkImageDecoder::Factory returned null
03-21 14:30:20.466  3262  3415 D skia    : --- SkImageDecoder::Factory returned null
03-21 14:30:20.467  3262  3415 D skia    : --- SkImageDecoder::Factory returned null
03-21 14:30:20.468  3262  3415 D skia    : --- SkImageDecoder::Factory returned null
03-21 14:30:20.469  3262  3415 D skia    : --- SkImageDecoder::Factory returned null
03-21 14:30:20.470  3262  3415 D skia    : --- SkImageDecoder::Factory returned null
03-21 14:30:20.471  3262  3415 D skia    : --- SkImageDecoder::Factory returned null
03-21 14:30:20.472  3262  3415 D skia    : --- SkImageDecoder::Factory returned null
03-21 14:30:20.473  3262  3415 D skia    : --- SkImageDecoder::Factory returned null
03-21 14:30:20.474  3262  3415 D skia    : --- SkImageDecoder::Factory returned null
03-21 14:30:20.475  3262  3415 D skia    : --- SkImageDecoder::Factory returned null
03-21 14:30:20.476  3262  3415 D skia    : --- SkImageDecoder::Factory returned null
03-21 14:30:20.477  3262  3415 D skia    : --- SkImageDecoder::Factory returned null
03-21 14:30:20.478  3262  3415 D skia    : --- SkImageDecoder::Factory returned null
03-21 14:30:20.479  3262  3415 D skia    : --- SkImageDecoder::Factory returned null
03-21 14:30:20.480  3262  3415 D skia    : --- SkImageDecoder::Factory returned null
03-21 14:30:20.481  3262  3415 D skia    : --- SkImageDecoder::Factory returned null
03-21 14:30:20.482  3262  3415 D skia    : --- SkImageDecoder::Factory returned null
03-21 14:30:20.483  3262  3415 D skia    : --- SkImageDecoder::Factory returned null
03-21 14:30:20.484  3262  3415 D skia    : --- SkImageDecoder::Factory returned null
03-21 14:30:20.485  3262  3415 D skia    : --- SkImageDecoder::Factory returned null
03-21 14:30:20.486  3262  3415 D skia    : --- SkImageDecoder::Factory returned null
03-21 14:30:20.487  3262  3415 D skia    : --- SkImageDecoder::Factory returned null
03-21 14:30:20.488  3262  3415 D skia    : --- SkImageDecoder::Factory returned null
03-21 14:30:20.488  3262  3415 D skia    : --- SkImageDecoder::Factory returned null
03-21 14:30:20.489  3262  3415 D skia    : --- SkImageDecoder::Factory returned null
03-21 14:30:20.490  3262  3415 D skia    : --- SkImageDecoder::Factory returned null
03-21 14:30:20.491  3262  3415 D skia    : --- SkImageDecoder::Factory returned null
03-21 14:30:20.492  3262  3415 D skia    : --- SkImageDecoder::Factory returned null
03-21 14:30:20.493  3262  3415 D skia    : --- SkImageDecoder::Factory returned null
03-21 14:30:20.494  3262  3415 D skia    : --- SkImageDecoder::Factory returned null
03-21 14:30:20.494  3262  3415 D skia    : --- SkImageDecoder::Factory returned null
03-21 14:30:20.496  3262  3415 D skia    : --- SkImageDecoder::Factory returned null
03-21 14:30:20.497  3262  3415 D skia    : --- SkImageDecoder::Factory returned null
03-21 14:30:20.497  3262  3415 D skia    : --- SkImageDecoder::Factory returned null
03-21 14:30:20.498  3262  3415 D skia    : --- SkImageDecoder::Factory returned null
03-21 14:30:20.499  3262  3415 D skia    : --- SkImageDecoder::Factory returned null
03-21 14:30:20.500  3262  3415 D skia    : --- SkImageDecoder::Factory returned null
03-21 14:30:20.501  3262  3415 D skia    : --- SkImageDecoder::Factory returned null
03-21 14:30:20.502  3262  3415 D skia    : --- SkImageDecoder::Factory returned null
03-21 14:30:20.503  3262  3415 D skia    : --- SkImageDecoder::Factory returned null
03-21 14:30:20.504  3262  3415 D skia    : --- SkImageDecoder::Factory returned null
03-21 14:30:20.505  3262  3415 D skia    : --- SkImageDecoder::Factory returned null
03-21 14:30:20.506  3262  3415 D skia    : --- SkImageDecoder::Factory returned null
03-21 14:30:20.507  3262  3415 D skia    : --- SkImageDecoder::Factory returned null
03-21 14:30:20.508  3262  3415 D skia    : --- SkImageDecoder::Factory returned null
03-21 14:30:20.509  3262  3415 D skia    : --- SkImageDecoder::Factory returned null
03-21 14:30:20.509  3262  3415 D skia    : --- SkImageDecoder::Factory returned null
03-21 14:30:20.510  3262  3415 D skia    : --- SkImageDecoder::Factory returned null
03-21 14:30:20.511  3262  3415 D skia    : --- SkImageDecoder::Factory returned null
03-21 14:30:20.512  3262  3415 D skia    : --- SkImageDecoder::Factory returned null
03-21 14:30:20.513  3262  3415 D skia    : --- SkImageDecoder::Factory returned null
03-21 14:30:20.514  3262  3415 D skia    : --- SkImageDecoder::Factory returned null
03-21 14:30:20.515  3262  3415 D skia    : --- SkImageDecoder::Factory returned null
03-21 14:30:20.516  3262  3415 D skia    : --- SkImageDecoder::Factory returned null
03-21 14:30:20.517  3262  3415 D skia    : --- SkImageDecoder::Factory returned null
03-21 14:30:20.517  3262  3415 D skia    : --- SkImageDecoder::Factory returned null
03-21 14:30:20.518  3262  3415 D skia    : --- SkImageDecoder::Factory returned null
03-21 14:30:20.519  3262  3415 D skia    : --- SkImageDecoder::Factory returned null
03-21 14:30:20.520  3262  3415 D skia    : --- SkImageDecoder::Factory returned null
03-21 14:30:20.521  3262  3415 D skia    : --- SkImageDecoder::Factory returned null
03-21 14:30:20.522  3262  3415 D skia    : --- SkImageDecoder::Factory returned null
03-21 14:30:20.523  3262  3415 D skia    : --- SkImageDecoder::Factory returned null
03-21 14:30:20.524  3262  3415 D skia    : --- SkImageDecoder::Factory returned null
03-21 14:30:20.525  3262  3415 D skia    : --- SkImageDecoder::Factory returned null
03-21 14:30:20.526  3262  3415 D skia    : --- SkImageDecoder::Factory returned null
03-21 14:30:20.526  3262  3415 D skia    : --- SkImageDecoder::Factory returned null
03-21 14:30:20.527  3262  3415 D skia    : --- SkImageDecoder::Factory returned null
03-21 14:30:20.528  3262  3415 D skia    : --- SkImageDecoder::Factory returned null
03-21 14:30:20.529  3262  3415 D skia    : --- SkImageDecoder::Factory returned null
03-21 14:30:20.530  3262  3415 D skia    : --- SkImageDecoder::Factory returned null
03-21 14:30:20.531  3262  3415 D skia    : --- SkImageDecoder::Factory returned null
03-21 14:30:20.532  3262  3415 D skia    : --- SkImageDecoder::Factory returned null
03-21 14:30:20.533  3262  3415 D skia    : --- SkImageDecoder::Factory returned null
03-21 14:30:20.534  3262  3415 D skia    : --- SkImageDecoder::Factory returned null
03-21 14:30:20.535  3262  3415 D skia    : --- SkImageDecoder::Factory returned null
03-21 14:30:20.538  3262  3415 D skia    : --- SkImageDecoder::Factory returned null
03-21 14:30:20.539  3262  3415 D skia    : --- SkImageDecoder::Factory returned null
03-21 14:30:20.540  3262  3415 D skia    : --- SkImageDecoder::Factory returned null
03-21 14:30:20.541  3262  3415 D skia    : --- SkImageDecoder::Factory returned null
03-21 14:30:20.542  3262  3415 D skia    : --- SkImageDecoder::Factory returned null
03-21 14:30:20.543  3262  3415 D skia    : --- SkImageDecoder::Factory returned null
03-21 14:30:20.543  3262  3415 D skia    : --- SkImageDecoder::Factory returned null
03-21 14:30:20.545  3262  3415 D skia    : --- SkImageDecoder::Factory returned null
03-21 14:30:20.546  3262  3415 D skia    : --- SkImageDecoder::Factory returned null
03-21 14:30:20.547  3262  3415 D skia    : --- SkImageDecoder::Factory returned null
03-21 14:30:20.547  3262  3415 D skia    : --- SkImageDecoder::Factory returned null
03-21 14:30:20.548  3262  3415 D skia    : --- SkImageDecoder::Factory returned null
03-21 14:30:20.549  3262  3415 D skia    : --- SkImageDecoder::Factory returned null
03-21 14:30:20.550  3262  3415 D skia    : --- SkImageDecoder::Factory returned null
03-21 14:30:20.551  3262  3415 D skia    : --- SkImageDecoder::Factory returned null
03-21 14:30:20.552  3262  3415 D skia    : --- SkImageDecoder::Factory returned null
03-21 14:30:20.553  3262  3415 D skia    : --- SkImageDecoder::Factory returned null
03-21 14:30:20.554  3262  3415 D skia    : --- SkImageDecoder::Factory returned null
03-21 14:30:20.555  3262  3415 D skia    : --- SkImageDecoder::Factory returned null
03-21 14:30:20.556  3262  3415 D skia    : --- SkImageDecoder::Factory returned null
03-21 14:30:20.557  3262  3415 D skia    : --- SkImageDecoder::Factory returned null
03-21 14:30:20.558  3262  3415 D skia    : --- SkImageDecoder::Factory returned null
03-21 14:30:20.558  3262  3415 D skia    : --- SkImageDecoder::Factory returned null
03-21 14:30:20.559  3262  3415 D skia    : --- SkImageDecoder::Factory returned null
03-21 14:30:20.562  3262  3415 D skia    : --- SkImageDecoder::Factory returned null
03-21 14:30:20.563  3262  3415 D skia    : --- SkImageDecoder::Factory returned null
03-21 14:30:20.563  3262  3415 D skia    : --- SkImageDecoder::Factory returned null
03-21 14:30:20.564  3262  3415 D skia    : --- SkImageDecoder::Factory returned null
03-21 14:30:20.565  3262  3415 D skia    : --- SkImageDecoder::Factory returned null
03-21 14:30:20.566  3262  3415 D skia    : --- SkImageDecoder::Factory returned null
03-21 14:30:20.567  3262  3415 D skia    : --- SkImageDecoder::Factory returned null
03-21 14:30:20.568  3262  3415 D skia    : --- SkImageDecoder::Factory returned null
03-21 14:30:20.569  3262  3415 D skia    : --- SkImageDecoder::Factory returned null
03-21 14:30:20.570  3262  3415 D skia    : --- SkImageDecoder::Factory returned null
03-21 14:30:20.571  3262  3415 D skia    : --- SkImageDecoder::Factory returned null
03-21 14:30:20.572  3262  3415 D skia    : --- SkImageDecoder::Factory returned null
03-21 14:30:20.572  3262  3415 D skia    : --- SkImageDecoder::Factory returned null
03-21 14:30:20.573  3262  3415 D skia    : --- SkImageDecoder::Factory returned null
03-21 14:30:20.574  3262  3415 D skia    : --- SkImageDecoder::Factory returned null
03-21 14:30:20.575  3262  3415 D skia    : --- SkImageDecoder::Factory returned null
03-21 14:30:20.576  3262  3415 D skia    : --- SkImageDecoder::Factory returned null
03-21 14:30:20.577  3262  3415 D skia    : --- SkImageDecoder::Factory returned null
03-21 14:30:20.578  3262  3415 D skia    : --- SkImageDecoder::Factory returned null
03-21 14:30:20.579  3262  3415 D skia    : --- SkImageDecoder::Factory returned null
03-21 14:30:20.580  3262  3415 D skia    : --- SkImageDecoder::Factory returned null
03-21 14:30:20.581  3262  3415 D skia    : --- SkImageDecoder::Factory returned null
03-21 14:30:20.582  3262  3415 D skia    : --- SkImageDecoder::Factory returned null
03-21 14:30:20.582  3262  3415 D skia    : --- SkImageDecoder::Factory returned null
03-21 14:30:20.583  3262  3415 D skia    : --- SkImageDecoder::Factory returned null
03-21 14:30:20.584  3262  3415 D skia    : --- SkImageDecoder::Factory returned null
